Archive member included to satisfy reference by file (symbol)

c:/st/stm32cubeide_1.7.0/stm32cubeide/plugins/com.st.stm32cube.ide.mcu.externaltools.gnu-tools-for-stm32.9-2020-q2-update.win32_2.0.0.202105311346/tools/bin/../lib/gcc/arm-none-eabi/9.3.1/../../../../arm-none-eabi/lib/thumb/v7e-m+fp/hard\libc_nano.a(lib_a-errno.o)
                              ./Core/Src/syscalls.o (__errno)
c:/st/stm32cubeide_1.7.0/stm32cubeide/plugins/com.st.stm32cube.ide.mcu.externaltools.gnu-tools-for-stm32.9-2020-q2-update.win32_2.0.0.202105311346/tools/bin/../lib/gcc/arm-none-eabi/9.3.1/../../../../arm-none-eabi/lib/thumb/v7e-m+fp/hard\libc_nano.a(lib_a-exit.o)
                              c:/st/stm32cubeide_1.7.0/stm32cubeide/plugins/com.st.stm32cube.ide.mcu.externaltools.gnu-tools-for-stm32.9-2020-q2-update.win32_2.0.0.202105311346/tools/bin/../lib/gcc/arm-none-eabi/9.3.1/../../../../arm-none-eabi/lib/thumb/v7e-m+fp/hard/crt0.o (exit)
c:/st/stm32cubeide_1.7.0/stm32cubeide/plugins/com.st.stm32cube.ide.mcu.externaltools.gnu-tools-for-stm32.9-2020-q2-update.win32_2.0.0.202105311346/tools/bin/../lib/gcc/arm-none-eabi/9.3.1/../../../../arm-none-eabi/lib/thumb/v7e-m+fp/hard\libc_nano.a(lib_a-impure.o)
                              c:/st/stm32cubeide_1.7.0/stm32cubeide/plugins/com.st.stm32cube.ide.mcu.externaltools.gnu-tools-for-stm32.9-2020-q2-update.win32_2.0.0.202105311346/tools/bin/../lib/gcc/arm-none-eabi/9.3.1/../../../../arm-none-eabi/lib/thumb/v7e-m+fp/hard\libc_nano.a(lib_a-exit.o) (_global_impure_ptr)
c:/st/stm32cubeide_1.7.0/stm32cubeide/plugins/com.st.stm32cube.ide.mcu.externaltools.gnu-tools-for-stm32.9-2020-q2-update.win32_2.0.0.202105311346/tools/bin/../lib/gcc/arm-none-eabi/9.3.1/../../../../arm-none-eabi/lib/thumb/v7e-m+fp/hard\libc_nano.a(lib_a-init.o)
                              c:/st/stm32cubeide_1.7.0/stm32cubeide/plugins/com.st.stm32cube.ide.mcu.externaltools.gnu-tools-for-stm32.9-2020-q2-update.win32_2.0.0.202105311346/tools/bin/../lib/gcc/arm-none-eabi/9.3.1/../../../../arm-none-eabi/lib/thumb/v7e-m+fp/hard/crt0.o (__libc_init_array)
c:/st/stm32cubeide_1.7.0/stm32cubeide/plugins/com.st.stm32cube.ide.mcu.externaltools.gnu-tools-for-stm32.9-2020-q2-update.win32_2.0.0.202105311346/tools/bin/../lib/gcc/arm-none-eabi/9.3.1/../../../../arm-none-eabi/lib/thumb/v7e-m+fp/hard\libc_nano.a(lib_a-memset.o)
                              c:/st/stm32cubeide_1.7.0/stm32cubeide/plugins/com.st.stm32cube.ide.mcu.externaltools.gnu-tools-for-stm32.9-2020-q2-update.win32_2.0.0.202105311346/tools/bin/../lib/gcc/arm-none-eabi/9.3.1/../../../../arm-none-eabi/lib/thumb/v7e-m+fp/hard/crt0.o (memset)
c:/st/stm32cubeide_1.7.0/stm32cubeide/plugins/com.st.stm32cube.ide.mcu.externaltools.gnu-tools-for-stm32.9-2020-q2-update.win32_2.0.0.202105311346/tools/bin/../lib/gcc/arm-none-eabi/9.3.1/../../../../arm-none-eabi/lib/thumb/v7e-m+fp/hard\libc_nano.a(lib_a-sprintf.o)
                              ./Core/Src/uart.o (sprintf)
c:/st/stm32cubeide_1.7.0/stm32cubeide/plugins/com.st.stm32cube.ide.mcu.externaltools.gnu-tools-for-stm32.9-2020-q2-update.win32_2.0.0.202105311346/tools/bin/../lib/gcc/arm-none-eabi/9.3.1/../../../../arm-none-eabi/lib/thumb/v7e-m+fp/hard\libc_nano.a(lib_a-strlen.o)
                              ./Core/Src/lcd.o (strlen)
c:/st/stm32cubeide_1.7.0/stm32cubeide/plugins/com.st.stm32cube.ide.mcu.externaltools.gnu-tools-for-stm32.9-2020-q2-update.win32_2.0.0.202105311346/tools/bin/../lib/gcc/arm-none-eabi/9.3.1/../../../../arm-none-eabi/lib/thumb/v7e-m+fp/hard\libc_nano.a(lib_a-nano-svfprintf.o)
                              c:/st/stm32cubeide_1.7.0/stm32cubeide/plugins/com.st.stm32cube.ide.mcu.externaltools.gnu-tools-for-stm32.9-2020-q2-update.win32_2.0.0.202105311346/tools/bin/../lib/gcc/arm-none-eabi/9.3.1/../../../../arm-none-eabi/lib/thumb/v7e-m+fp/hard\libc_nano.a(lib_a-sprintf.o) (_svfprintf_r)
c:/st/stm32cubeide_1.7.0/stm32cubeide/plugins/com.st.stm32cube.ide.mcu.externaltools.gnu-tools-for-stm32.9-2020-q2-update.win32_2.0.0.202105311346/tools/bin/../lib/gcc/arm-none-eabi/9.3.1/../../../../arm-none-eabi/lib/thumb/v7e-m+fp/hard\libc_nano.a(lib_a-nano-vfprintf_i.o)
                              c:/st/stm32cubeide_1.7.0/stm32cubeide/plugins/com.st.stm32cube.ide.mcu.externaltools.gnu-tools-for-stm32.9-2020-q2-update.win32_2.0.0.202105311346/tools/bin/../lib/gcc/arm-none-eabi/9.3.1/../../../../arm-none-eabi/lib/thumb/v7e-m+fp/hard\libc_nano.a(lib_a-nano-svfprintf.o) (_printf_i)
c:/st/stm32cubeide_1.7.0/stm32cubeide/plugins/com.st.stm32cube.ide.mcu.externaltools.gnu-tools-for-stm32.9-2020-q2-update.win32_2.0.0.202105311346/tools/bin/../lib/gcc/arm-none-eabi/9.3.1/../../../../arm-none-eabi/lib/thumb/v7e-m+fp/hard\libc_nano.a(lib_a-memchr.o)
[...]
Memory Configuration

Name             Origin             Length             Attributes
CCMRAM           0x0000000010000000 0x0000000000010000 xrw
RAM              0x0000000020000000 0x0000000000020000 xrw
FLASH            0x0000000008000000 0x0000000000100000 xr
*default*        0x0000000000000000 0xffffffffffffffff

Linker script and memory map

LOAD c:/st/stm32cubeide_1.7.0/stm32cubeide/plugins/com.st.stm32cube.ide.mcu.externaltools.gnu-tools-for-stm32.9-2020-q2-update.win32_2.0.0.202105311346/tools/bin/../lib/gcc/arm-none-eabi/9.3.1/thumb/v7e-m+fp/hard/crti.o
LOAD c:/st/stm32cubeide_1.7.0/stm32cubeide/plugins/com.st.stm32cube.ide.mcu.externaltools.gnu-tools-for-stm32.9-2020-q2-update.win32_2.0.0.202105311346/tools/bin/../lib/gcc/arm-none-eabi/9.3.1/thumb/v7e-m+fp/hard/crtbegin.o
LOAD c:/st/stm32cubeide_1.7.0/stm32cubeide/plugins/com.st.stm32cube.ide.mcu.externaltools.gnu-tools-for-stm32.9-2020-q2-update.win32_2.0.0.202105311346/tools/bin/../lib/gcc/arm-none-eabi/9.3.1/../../../../arm-none-eabi/lib/thumb/v7e-m+fp/hard/crt0.o
LOAD ./Core/Src/alarm_fsm.o
LOAD ./Core/Src/button.o
LOAD ./Core/Src/ds3231.o
LOAD ./Core/Src/fsmc.o
LOAD ./Core/Src/global.o
LOAD ./Core/Src/gpio.o
LOAD ./Core/Src/i2c.o
LOAD ./Core/Src/lcd.o
LOAD ./Core/Src/led_7seg.o
LOAD ./Core/Src/main.o
LOAD ./Core/Src/picture.o
LOAD ./Core/Src/rtc_adj.o
LOAD ./Core/Src/rtc_auto.o
LOAD ./Core/Src/software_timer.o
LOAD ./Core/Src/spi.o
LOAD ./Core/Src/stm32f4xx_hal_msp.o
LOAD ./Core/Src/stm32f4xx_it.o
LOAD ./Core/Src/syscalls.o
LOAD ./Core/Src/sysmem.o
LOAD ./Core/Src/system_stm32f4xx.o
LOAD ./Core/Src/tim.o
LOAD ./Core/Src/uart.o
LOAD ./Core/Src/usart.o
LOAD ./Core/Src/utils.o
LOAD ./Core/Startup/startup_stm32f407zgtx.o
LOAD ./Drivers/STM32F4xx_HAL_Driver/Src/stm32f4xx_hal.o
LOAD ./Drivers/STM32F4xx_HAL_Driver/Src/stm32f4xx_hal_cortex.o
LOAD ./Drivers/STM32F4xx_HAL_Driver/Src/stm32f4xx_hal_dma.o
LOAD ./Drivers/STM32F4xx_HAL_Driver/Src/stm32f4xx_hal_dma_ex.o
LOAD ./Drivers/STM32F4xx_HAL_Driver/Src/stm32f4xx_hal_exti.o
LOAD ./Drivers/STM32F4xx_HAL_Driver/Src/stm32f4xx_hal_flash.o
LOAD ./Drivers/STM32F4xx_HAL_Driver/Src/stm32f4xx_hal_flash_ex.o
LOAD ./Drivers/STM32F4xx_HAL_Driver/Src/stm32f4xx_hal_flash_ramfunc.o
LOAD ./Drivers/STM32F4xx_HAL_Driver/Src/stm32f4xx_hal_gpio.o
LOAD ./Drivers/STM32F4xx_HAL_Driver/Src/stm32f4xx_hal_i2c.o
LOAD ./Drivers/STM32F4xx_HAL_Driver/Src/stm32f4xx_hal_i2c_ex.o
LOAD ./Drivers/STM32F4xx_HAL_Driver/Src/stm32f4xx_hal_pwr.o
LOAD ./Drivers/STM32F4xx_HAL_Driver/Src/stm32f4xx_hal_pwr_ex.o
LOAD ./Drivers/STM32F4xx_HAL_Driver/Src/stm32f4xx_hal_rcc.o
LOAD ./Drivers/STM32F4xx_HAL_Driver/Src/stm32f4xx_hal_rcc_ex.o
LOAD ./Drivers/STM32F4xx_HAL_Driver/Src/stm32f4xx_hal_spi.o
LOAD ./Drivers/STM32F4xx_HAL_Driver/Src/stm32f4xx_hal_sram.o
LOAD ./Drivers/STM32F4xx_HAL_Driver/Src/stm32f4xx_hal_tim.o
LOAD ./Drivers/STM32F4xx_HAL_Driver/Src/stm32f4xx_hal_tim_ex.o
LOAD ./Drivers/STM32F4xx_HAL_Driver/Src/stm32f4xx_hal_uart.o
LOAD ./Drivers/STM32F4xx_HAL_Driver/Src/stm32f4xx_ll_fsmc.o
START GROUP
LOAD c:/st/stm32cubeide_1.7.0/stm32cubeide/plugins/com.st.stm32cube.ide.mcu.externaltools.gnu-tools-for-stm32.9-2020-q2-update.win32_2.0.0.202105311346/tools/bin/../lib/gcc/arm-none-eabi/9.3.1/../../../../arm-none-eabi/lib/thumb/v7e-m+fp/hard\libstdc++_nano.a
LOAD c:/st/stm32cubeide_1.7.0/stm32cubeide/plugins/com.st.stm32cube.ide.mcu.externaltools.gnu-tools-for-stm32.9-2020-q2-update.win32_2.0.0.202105311346/tools/bin/../lib/gcc/arm-none-eabi/9.3.1/../../../../arm-none-eabi/lib/thumb/v7e-m+fp/hard\libsupc++_nano.a
END GROUP
LOAD c:/st/stm32cubeide_1.7.0/stm32cubeide/plugins/com.st.stm32cube.ide.mcu.externaltools.gnu-tools-for-stm32.9-2020-q2-update.win32_2.0.0.202105311346/tools/bin/../lib/gcc/arm-none-eabi/9.3.1/../../../../arm-none-eabi/lib/thumb/v7e-m+fp/hard\libstdc++_nano.a
LOAD c:/st/stm32cubeide_1.7.0/stm32cubeide/plugins/com.st.stm32cube.ide.mcu.externaltools.gnu-tools-for-stm32.9-2020-q2-update.win32_2.0.0.202105311346/tools/bin/../lib/gcc/arm-none-eabi/9.3.1/../../../../arm-none-eabi/lib/thumb/v7e-m+fp/hard\libm.a
LOAD c:/st/stm32cubeide_1.7.0/stm32cubeide/plugins/com.st.stm32cube.ide.mcu.externaltools.gnu-tools-for-stm32.9-2020-q2-update.win32_2.0.0.202105311346/tools/bin/../lib/gcc/arm-none-eabi/9.3.1/../../../../arm-none-eabi/lib/thumb/v7e-m+fp/hard\libc_nano.a
START GROUP
LOAD c:/st/stm32cubeide_1.7.0/stm32cubeide/plugins/com.st.stm32cube.ide.mcu.externaltools.gnu-tools-for-stm32.9-2020-q2-update.win32_2.0.0.202105311346/tools/bin/../lib/gcc/arm-none-eabi/9.3.1/thumb/v7e-m+fp/hard\libgcc.a
LOAD c:/st/stm32cubeide_1.7.0/stm32cubeide/plugins/com.st.stm32cube.ide.mcu.externaltools.gnu-tools-for-stm32.9-2020-q2-update.win32_2.0.0.202105311346/tools/bin/../lib/gcc/arm-none-eabi/9.3.1/../../../../arm-none-eabi/lib/thumb/v7e-m+fp/hard\libc_nano.a
END GROUP
START GROUP
LOAD c:/st/stm32cubeide_1.7.0/stm32cubeide/plugins/com.st.stm32cube.ide.mcu.externaltools.gnu-tools-for-stm32.9-2020-q2-update.win32_2.0.0.202105311346/tools/bin/../lib/gcc/arm-none-eabi/9.3.1/thumb/v7e-m+fp/hard\libgcc.a
LOAD c:/st/stm32cubeide_1.7.0/stm32cubeide/plugins/com.st.stm32cube.ide.mcu.externaltools.gnu-tools-for-stm32.9-2020-q2-update.win32_2.0.0.202105311346/tools/bin/../lib/gcc/arm-none-eabi/9.3.1/../../../../arm-none-eabi/lib/thumb/v7e-m+fp/hard\libc_nano.a
LOAD c:/st/stm32cubeide_1.7.0/stm32cubeide/plugins/com.st.stm32cube.ide.mcu.externaltools.gnu-tools-for-stm32.9-2020-q2-update.win32_2.0.0.202105311346/tools/bin/../lib/gcc/arm-none-eabi/9.3.1/../../../../arm-none-eabi/lib/thumb/v7e-m+fp/hard\libnosys.a
END GROUP
START GROUP
LOAD c:/st/stm32cubeide_1.7.0/stm32cubeide/plugins/com.st.stm32cube.ide.mcu.externaltools.gnu-tools-for-stm32.9-2020-q2-update.win32_2.0.0.202105311346/tools/bin/../lib/gcc/arm-none-eabi/9.3.1/thumb/v7e-m+fp/hard\libgcc.a
LOAD c:/st/stm32cubeide_1.7.0/stm32cubeide/plugins/com.st.stm32cube.ide.mcu.externaltools.gnu-tools-for-stm32.9-2020-q2-update.win32_2.0.0.202105311346/tools/bin/../lib/gcc/arm-none-eabi/9.3.1/../../../../arm-none-eabi/lib/thumb/v7e-m+fp/hard\libc_nano.a
LOAD c:/st/stm32cubeide_1.7.0/stm32cubeide/plugins/com.st.stm32cube.ide.mcu.externaltools.gnu-tools-for-stm32.9-2020-q2-update.win32_2.0.0.202105311346/tools/bin/../lib/gcc/arm-none-eabi/9.3.1/../../../../arm-none-eabi/lib/thumb/v7e-m+fp/hard\libnosys.a
END GROUP
LOAD c:/st/stm32cubeide_1.7.0/stm32cubeide/plugins/com.st.stm32cube.ide.mcu.externaltools.gnu-tools-for-stm32.9-2020-q2-update.win32_2.0.0.202105311346/tools/bin/../lib/gcc/arm-none-eabi/9.3.1/thumb/v7e-m+fp/hard/crtend.o
LOAD c:/st/stm32cubeide_1.7.0/stm32cubeide/plugins/com.st.stm32cube.ide.mcu.externaltools.gnu-tools-for-stm32.9-2020-q2-update.win32_2.0.0.202105311346/tools/bin/../lib/gcc/arm-none-eabi/9.3.1/thumb/v7e-m+fp/hard/crtn.o
                0x0000000020020000                _estack = (ORIGIN (RAM) + LENGTH (RAM))
                0x0000000000000200                _Min_Heap_Size = 0x200
                0x0000000000000400                _Min_Stack_Size = 0x400

.isr_vector     0x0000000008000000      0x188
                0x0000000008000000                . = ALIGN (0x4)
 *(.isr_vector)
 .isr_vector    0x0000000008000000      0x188 ./Core/Startup/startup_stm32f407zgtx.o
                0x0000000008000000                g_pfnVectors
                0x0000000008000188                . = ALIGN (0x4)

.text           0x0000000008000188     0x6ed0
                0x0000000008000188                . = ALIGN (0x4)
 *(.text)
 .text          0x0000000008000188       0x40 c:/st/stm32cubeide_1.7.0/stm32cubeide/plugins/com.st.stm32cube.ide.mcu.externaltools.gnu-tools-for-stm32.9-2020-q2-update.win32_2.0.0.202105311346/tools/bin/../lib/gcc/arm-none-eabi/9.3.1/thumb/v7e-m+fp/hard/crtbegin.o
 .text          0x00000000080001c8       0x30 c:/st/stm32cubeide_1.7.0/stm32cubeide/plugins/com.st.stm32cube.ide.mcu.externaltools.gnu-tools-for-stm32.9-2020-q2-update.win32_2.0.0.202105311346/tools/bin/../lib/gcc/arm-none-eabi/9.3.1/thumb/v7e-m+fp/hard\libgcc.a(_aeabi_uldivmod.o)
                0x00000000080001c8                __aeabi_uldivmod
 .text          0x00000000080001f8      0x2c4 c:/st/stm32cubeide_1.7.0/stm32cubeide/plugins/com.st.stm32cube.ide.mcu.externaltools.gnu-tools-for-stm32.9-2020-q2-update.win32_2.0.0.202105311346/tools/bin/../lib/gcc/arm-none-eabi/9.3.1/thumb/v7e-m+fp/hard\libgcc.a(_udivmoddi4.o)
                0x00000000080001f8                __udivmoddi4
 .text          0x00000000080004bc        0x4 c:/st/stm32cubeide_1.7.0/stm32cubeide/plugins/com.st.stm32cube.ide.mcu.externaltools.gnu-tools-for-stm32.9-2020-q2-update.win32_2.0.0.202105311346/tools/bin/../lib/gcc/arm-none-eabi/9.3.1/thumb/v7e-m+fp/hard\libgcc.a(_dvmd_tls.o)
                0x00000000080004bc                __aeabi_idiv0
                0x00000000080004bc                __aeabi_ldiv0
 *(.text*)
 .text.alarm_fsm
                0x00000000080004c0      0x260 ./Core/Src/alarm_fsm.o
                0x00000000080004c0                alarm_fsm
 .text.alarmButtonHandler
                0x0000000008000720       0xa0 ./Core/Src/alarm_fsm.o
                0x0000000008000720                alarmButtonHandler
 .text.alarmBlinkCLKHandler
                0x00000000080007c0       0xa8 ./Core/Src/alarm_fsm.o
                0x00000000080007c0                alarmBlinkCLKHandler
 .text.alarmTimeDurationHandler
                0x0000000008000868       0xc4 ./Core/Src/alarm_fsm.o
                0x0000000008000868                alarmTimeDurationHandler
 .text.button_init
                0x000000000800092c       0x18 ./Core/Src/button.o
                0x000000000800092c                button_init
 .text.button_Scan
                0x0000000008000944       0xd8 ./Core/Src/button.o
                0x0000000008000944                button_Scan
 .text.ds3231_init
                0x0000000008000a1c       0x88 ./Core/Src/ds3231.o
                0x0000000008000a1c                ds3231_init
 .text.ds3231_Write
                0x0000000008000aa4       0x44 ./Core/Src/ds3231.o
                0x0000000008000aa4                ds3231_Write
 .text.ds3231_ReadTime
                0x0000000008000ae8       0xc8 ./Core/Src/ds3231.o
                0x0000000008000ae8                ds3231_ReadTime
 .text.MX_FSMC_Init
                0x0000000008000bb0       0xf4 ./Core/Src/fsmc.o
                0x0000000008000bb0                MX_FSMC_Init
 .text.HAL_FSMC_MspInit
                0x0000000008000ca4       0x98 ./Core/Src/fsmc.o
 .text.HAL_SRAM_MspInit
                0x0000000008000d3c       0x14 ./Core/Src/fsmc.o
                0x0000000008000d3c                HAL_SRAM_MspInit
 .text.updateAlarm
                0x0000000008000d50       0x60 ./Core/Src/global.o
                0x0000000008000d50                updateAlarm
 .text.updateTime
                0x0000000008000db0       0x60 ./Core/Src/global.o
                0x0000000008000db0                updateTime
 .text.displayTime
                0x0000000008000e10       0xfc ./Core/Src/global.o
                0x0000000008000e10                displayTime
 .text.MX_GPIO_Init
                0x0000000008000f0c      0x1f0 ./Core/Src/gpio.o
                0x0000000008000f0c                MX_GPIO_Init
 .text.MX_I2C1_Init
                0x00000000080010fc       0x5c ./Core/Src/i2c.o
                0x00000000080010fc                MX_I2C1_Init
 .text.HAL_I2C_MspInit
                0x0000000008001158       0x90 ./Core/Src/i2c.o
                0x0000000008001158                HAL_I2C_MspInit
 .text.LCD_WR_REG
                0x00000000080011e8       0x20 ./Core/Src/lcd.o
                0x00000000080011e8                LCD_WR_REG
 .text.LCD_WR_DATA
                0x0000000008001208       0x20 ./Core/Src/lcd.o
                0x0000000008001208                LCD_WR_DATA
 .text.LCD_RD_DATA
                0x0000000008001228       0x24 ./Core/Src/lcd.o
                0x0000000008001228                LCD_RD_DATA
 .text.lcd_AddressSet
                0x000000000800124c       0x98 ./Core/Src/lcd.o
                0x000000000800124c                lcd_AddressSet
 .text.lcd_Clear
                0x00000000080012e4       0x74 ./Core/Src/lcd.o
                0x00000000080012e4                lcd_Clear
 .text.lcd_DrawPoint
                0x0000000008001358       0x2e ./Core/Src/lcd.o
                0x0000000008001358                lcd_DrawPoint
 *fill*         0x0000000008001386        0x2 
 .text.lcd_ShowChar
                0x0000000008001388      0x1a0 ./Core/Src/lcd.o
                0x0000000008001388                lcd_ShowChar
 .text.mypow    0x0000000008001528       0x38 ./Core/Src/lcd.o
                0x0000000008001528                mypow
 .text.lcd_ShowIntNum
                0x0000000008001560       0xfc ./Core/Src/lcd.o
                0x0000000008001560                lcd_ShowIntNum
 .text.lcd_SetDir
                0x000000000800165c       0x48 ./Core/Src/lcd.o
                0x000000000800165c                lcd_SetDir
 .text.lcd_init
                0x00000000080016a4      0x2c0 ./Core/Src/lcd.o
                0x00000000080016a4                lcd_init
 .text._draw_circle_8
                0x0000000008001964      0x116 ./Core/Src/lcd.o
                0x0000000008001964                _draw_circle_8
 .text.lcd_DrawCircle
                0x0000000008001a7a       0xd8 ./Core/Src/lcd.o
                0x0000000008001a7a                lcd_DrawCircle
 *fill*         0x0000000008001b52        0x2 
 .text.led7_init
                0x0000000008001b54       0x18 ./Core/Src/led_7seg.o
                0x0000000008001b54                led7_init
 .text.main     0x0000000008001b6c       0x3c ./Core/Src/main.o
                0x0000000008001b6c                main
 .text.SystemClock_Config
                0x0000000008001ba8       0xd4 ./Core/Src/main.o
                0x0000000008001ba8                SystemClock_Config
 .text.system_init
                0x0000000008001c7c       0x60 ./Core/Src/main.o
                0x0000000008001c7c                system_init
 .text.Error_Handler
                0x0000000008001cdc        0xa ./Core/Src/main.o
                0x0000000008001cdc                Error_Handler
 *fill*         0x0000000008001ce6        0x2 
 .text.rtc_manual_fsm
                0x0000000008001ce8      0x254 ./Core/Src/rtc_adj.o
                0x0000000008001ce8                rtc_manual_fsm
 .text.manButtonHandler
                0x0000000008001f3c       0xa0 ./Core/Src/rtc_adj.o
                0x0000000008001f3c                manButtonHandler
 .text.manBlinkCLKHandler
                0x0000000008001fdc       0xa8 ./Core/Src/rtc_adj.o
                0x0000000008001fdc                manBlinkCLKHandler
 .text.manTimeDurationHandler
                0x0000000008002084       0xc4 ./Core/Src/rtc_adj.o
                0x0000000008002084                manTimeDurationHandler
 .text.rtc_auto_fsm
                0x0000000008002148       0xf4 ./Core/Src/rtc_auto.o
                0x0000000008002148                rtc_auto_fsm
 .text.autoButtonHandler
                0x000000000800223c       0x3c ./Core/Src/rtc_auto.o
                0x000000000800223c                autoButtonHandler
 .text.checkAlarm
                0x0000000008002278       0x48 ./Core/Src/rtc_auto.o
                0x0000000008002278                checkAlarm
 .text.timer_init
                0x00000000080022c0       0x14 ./Core/Src/software_timer.o
                0x00000000080022c0                timer_init
 .text.setAutoTimer
                0x00000000080022d4       0x38 ./Core/Src/software_timer.o
                0x00000000080022d4                setAutoTimer
 .text.setbutCooldownTimer
                0x000000000800230c       0x38 ./Core/Src/software_timer.o
                0x000000000800230c                setbutCooldownTimer
 .text.setClockTimer
                0x0000000008002344       0x38 ./Core/Src/software_timer.o
                0x0000000008002344                setClockTimer
 .text.setblinkCLKnumTimer
                0x000000000800237c       0x38 ./Core/Src/software_timer.o
                0x000000000800237c                setblinkCLKnumTimer
 .text.setAutoIncTimer
                0x00000000080023b4       0x38 ./Core/Src/software_timer.o
                0x00000000080023b4                setAutoIncTimer
 .text.setHoldButtonTimer
                0x00000000080023ec       0x38 ./Core/Src/software_timer.o
                0x00000000080023ec                setHoldButtonTimer
 .text.timer2Run
                0x0000000008002424       0x64 ./Core/Src/software_timer.o
                0x0000000008002424                timer2Run
 .text.HAL_TIM_PeriodElapsedCallback
                0x0000000008002488       0x3c ./Core/Src/software_timer.o
                0x0000000008002488                HAL_TIM_PeriodElapsedCallback
 .text.MX_SPI1_Init
                0x00000000080024c4       0x6c ./Core/Src/spi.o
                0x00000000080024c4                MX_SPI1_Init
 .text.HAL_SPI_MspInit
                0x0000000008002530       0x90 ./Core/Src/spi.o
                0x0000000008002530                HAL_SPI_MspInit
 .text.HAL_MspInit
                0x00000000080025c0       0x50 ./Core/Src/stm32f4xx_hal_msp.o
                0x00000000080025c0                HAL_MspInit
 .text.NMI_Handler
                0x0000000008002610        0x6 ./Core/Src/stm32f4xx_it.o
                0x0000000008002610                NMI_Handler
 .text.HardFault_Handler
                0x0000000008002616        0x6 ./Core/Src/stm32f4xx_it.o
                0x0000000008002616                HardFault_Handler
 .text.MemManage_Handler
                0x000000000800261c        0x6 ./Core/Src/stm32f4xx_it.o
                0x000000000800261c                MemManage_Handler
 .text.BusFault_Handler
                0x0000000008002622        0x6 ./Core/Src/stm32f4xx_it.o
                0x0000000008002622                BusFault_Handler
 .text.UsageFault_Handler
                0x0000000008002628        0x6 ./Core/Src/stm32f4xx_it.o
                0x0000000008002628                UsageFault_Handler
 .text.SVC_Handler
                0x000000000800262e        0xe ./Core/Src/stm32f4xx_it.o
                0x000000000800262e                SVC_Handler
 .text.DebugMon_Handler
                0x000000000800263c        0xe ./Core/Src/stm32f4xx_it.o
                0x000000000800263c                DebugMon_Handler
 .text.PendSV_Handler
                0x000000000800264a        0xe ./Core/Src/stm32f4xx_it.o
                0x000000000800264a                PendSV_Handler
 .text.SysTick_Handler
                0x0000000008002658        0xc ./Core/Src/stm32f4xx_it.o
                0x0000000008002658                SysTick_Handler
 .text.TIM2_IRQHandler
                0x0000000008002664       0x14 ./Core/Src/stm32f4xx_it.o
                0x0000000008002664                TIM2_IRQHandler
 .text.USART1_IRQHandler
                0x0000000008002678       0x14 ./Core/Src/stm32f4xx_it.o
                0x0000000008002678                USART1_IRQHandler
 .text.SystemInit
                0x000000000800268c       0x24 ./Core/Src/system_stm32f4xx.o
                0x000000000800268c                SystemInit
 .text.MX_TIM2_Init
                0x00000000080026b0       0x98 ./Core/Src/tim.o
                0x00000000080026b0                MX_TIM2_Init
 .text.HAL_TIM_Base_MspInit
                0x0000000008002748       0x4c ./Core/Src/tim.o
                0x0000000008002748                HAL_TIM_Base_MspInit
 .text.uart_init_rs232
                0x0000000008002794       0x1c ./Core/Src/uart.o
                0x0000000008002794                uart_init_rs232
 .text.HAL_UART_RxCpltCallback
                0x00000000080027b0       0x3c ./Core/Src/uart.o
                0x00000000080027b0                HAL_UART_RxCpltCallback
 .text.MX_USART1_UART_Init
                0x00000000080027ec       0x54 ./Core/Src/usart.o
                0x00000000080027ec                MX_USART1_UART_Init
 .text.HAL_UART_MspInit
                0x0000000008002840       0xa0 ./Core/Src/usart.o
                0x0000000008002840                HAL_UART_MspInit
 .text.BCD2DEC  0x00000000080028e0       0x32 ./Core/Src/utils.o
                0x00000000080028e0                BCD2DEC
 *fill*         0x0000000008002912        0x2 
 .text.DEC2BCD  0x0000000008002914       0x48 ./Core/Src/utils.o
                0x0000000008002914                DEC2BCD
 .text.Reset_Handler
                0x000000000800295c       0x50 ./Core/Startup/startup_stm32f407zgtx.o
                0x000000000800295c                Reset_Handler
 .text.Default_Handler
                0x00000000080029ac        0x2 ./Core/Startup/startup_stm32f407zgtx.o
                0x00000000080029ac                RTC_Alarm_IRQHandler
                0x00000000080029ac                HASH_RNG_IRQHandler
                0x00000000080029ac                EXTI2_IRQHandler
                0x00000000080029ac                TIM8_CC_IRQHandler
                0x00000000080029ac                TIM1_CC_IRQHandler
                0x00000000080029ac                DMA2_Stream5_IRQHandler
                0x00000000080029ac                DMA1_Stream5_IRQHandler
                0x00000000080029ac                PVD_IRQHandler
                0x00000000080029ac                SDIO_IRQHandler
                0x00000000080029ac                TAMP_STAMP_IRQHandler
                0x00000000080029ac                CAN2_RX1_IRQHandler
                0x00000000080029ac                EXTI3_IRQHandler
                0x00000000080029ac                TIM8_TRG_COM_TIM14_IRQHandler
                0x00000000080029ac                TIM1_UP_TIM10_IRQHandler
                0x00000000080029ac                TIM8_UP_TIM13_IRQHandler
                0x00000000080029ac                I2C3_ER_IRQHandler
                0x00000000080029ac                EXTI0_IRQHandler
                0x00000000080029ac                I2C2_EV_IRQHandler
                0x00000000080029ac                DMA1_Stream2_IRQHandler
                0x00000000080029ac                CAN1_RX0_IRQHandler
                0x00000000080029ac                FPU_IRQHandler
                0x00000000080029ac                OTG_HS_WKUP_IRQHandler
                0x00000000080029ac                CAN2_SCE_IRQHandler
                0x00000000080029ac                DMA2_Stream2_IRQHandler
                0x00000000080029ac                SPI1_IRQHandler
                0x00000000080029ac                TIM6_DAC_IRQHandler
                0x00000000080029ac                TIM1_BRK_TIM9_IRQHandler
                0x00000000080029ac                DCMI_IRQHandler
                0x00000000080029ac                CAN2_RX0_IRQHandler
                0x00000000080029ac                DMA2_Stream3_IRQHandler
                0x00000000080029ac                USART6_IRQHandler
                0x00000000080029ac                USART3_IRQHandler
                0x00000000080029ac                CAN1_RX1_IRQHandler
                0x00000000080029ac                UART5_IRQHandler
                0x00000000080029ac                DMA2_Stream0_IRQHandler
                0x00000000080029ac                TIM4_IRQHandler
                0x00000000080029ac                I2C1_EV_IRQHandler
                0x00000000080029ac                DMA1_Stream6_IRQHandler
                0x00000000080029ac                DMA1_Stream1_IRQHandler
                0x00000000080029ac                UART4_IRQHandler
                0x00000000080029ac                TIM3_IRQHandler
                0x00000000080029ac                RCC_IRQHandler
                0x00000000080029ac                TIM8_BRK_TIM12_IRQHandler
                0x00000000080029ac                Default_Handler
                0x00000000080029ac                EXTI15_10_IRQHandler
                0x00000000080029ac                ADC_IRQHandler
                0x00000000080029ac                DMA1_Stream7_IRQHandler
                0x00000000080029ac                TIM7_IRQHandler
                0x00000000080029ac                CAN2_TX_IRQHandler
                0x00000000080029ac                TIM5_IRQHandler
                0x00000000080029ac                DMA2_Stream7_IRQHandler
                0x00000000080029ac                I2C3_EV_IRQHandler
                0x00000000080029ac                EXTI9_5_IRQHandler
                0x00000000080029ac                RTC_WKUP_IRQHandler
                0x00000000080029ac                ETH_WKUP_IRQHandler
                0x00000000080029ac                SPI2_IRQHandler
                0x00000000080029ac                OTG_HS_EP1_IN_IRQHandler
                0x00000000080029ac                DMA1_Stream0_IRQHandler
                0x00000000080029ac                CAN1_TX_IRQHandler
                0x00000000080029ac                EXTI4_IRQHandler
                0x00000000080029ac                FSMC_IRQHandler
                0x00000000080029ac                ETH_IRQHandler
                0x00000000080029ac                OTG_HS_EP1_OUT_IRQHandler
                0x00000000080029ac                WWDG_IRQHandler
                0x00000000080029ac                OTG_FS_WKUP_IRQHandler
                0x00000000080029ac                TIM1_TRG_COM_TIM11_IRQHandler
                0x00000000080029ac                OTG_HS_IRQHandler
                0x00000000080029ac                EXTI1_IRQHandler
                0x00000000080029ac                USART2_IRQHandler
                0x00000000080029ac                I2C2_ER_IRQHandler
                0x00000000080029ac                DMA2_Stream1_IRQHandler
                0x00000000080029ac                CAN1_SCE_IRQHandler
                0x00000000080029ac                FLASH_IRQHandler
                0x00000000080029ac                DMA2_Stream4_IRQHandler
                0x00000000080029ac                OTG_FS_IRQHandler
                0x00000000080029ac                SPI3_IRQHandler
                0x00000000080029ac                DMA1_Stream4_IRQHandler
                0x00000000080029ac                I2C1_ER_IRQHandler
                0x00000000080029ac                DMA2_Stream6_IRQHandler
                0x00000000080029ac                DMA1_Stream3_IRQHandler
 *fill*         0x00000000080029ae        0x2 
 .text.HAL_Init
                0x00000000080029b0       0x44 ./Drivers/STM32F4xx_HAL_Driver/Src/stm32f4xx_hal.o
                0x00000000080029b0                HAL_Init
 .text.HAL_InitTick
                0x00000000080029f4       0x60 ./Drivers/STM32F4xx_HAL_Driver/Src/stm32f4xx_hal.o
                0x00000000080029f4                HAL_InitTick
 .text.HAL_IncTick
                0x0000000008002a54       0x28 ./Drivers/STM32F4xx_HAL_Driver/Src/stm32f4xx_hal.o
                0x0000000008002a54                HAL_IncTick
 .text.HAL_GetTick
                0x0000000008002a7c       0x18 ./Drivers/STM32F4xx_HAL_Driver/Src/stm32f4xx_hal.o
                0x0000000008002a7c                HAL_GetTick
 .text.HAL_Delay
                0x0000000008002a94       0x48 ./Drivers/STM32F4xx_HAL_Driver/Src/stm32f4xx_hal.o
                0x0000000008002a94                HAL_Delay
 .text.__NVIC_SetPriorityGrouping
                0x0000000008002adc       0x48 ./Drivers/STM32F4xx_HAL_Driver/Src/stm32f4xx_hal_cortex.o
 .text.__NVIC_GetPriorityGrouping
                0x0000000008002b24       0x1c ./Drivers/STM32F4xx_HAL_Driver/Src/stm32f4xx_hal_cortex.o
 .text.__NVIC_EnableIRQ
                0x0000000008002b40       0x3c ./Drivers/STM32F4xx_HAL_Driver/Src/stm32f4xx_hal_cortex.o
 .text.__NVIC_SetPriority
                0x0000000008002b7c       0x54 ./Drivers/STM32F4xx_HAL_Driver/Src/stm32f4xx_hal_cortex.o
 .text.NVIC_EncodePriority
                0x0000000008002bd0       0x66 ./Drivers/STM32F4xx_HAL_Driver/Src/stm32f4xx_hal_cortex.o
 *fill*         0x0000000008002c36        0x2 
 .text.SysTick_Config
                0x0000000008002c38       0x44 ./Drivers/STM32F4xx_HAL_Driver/Src/stm32f4xx_hal_cortex.o
 .text.HAL_NVIC_SetPriorityGrouping
                0x0000000008002c7c       0x16 ./Drivers/STM32F4xx_HAL_Driver/Src/stm32f4xx_hal_cortex.o
                0x0000000008002c7c                HAL_NVIC_SetPriorityGrouping
 .text.HAL_NVIC_SetPriority
                0x0000000008002c92       0x38 ./Drivers/STM32F4xx_HAL_Driver/Src/stm32f4xx_hal_cortex.o
                0x0000000008002c92                HAL_NVIC_SetPriority
 .text.HAL_NVIC_EnableIRQ
                0x0000000008002cca       0x1c ./Drivers/STM32F4xx_HAL_Driver/Src/stm32f4xx_hal_cortex.o
                0x0000000008002cca                HAL_NVIC_EnableIRQ
 .text.HAL_SYSTICK_Config
                0x0000000008002ce6       0x18 ./Drivers/STM32F4xx_HAL_Driver/Src/stm32f4xx_hal_cortex.o
                0x0000000008002ce6                HAL_SYSTICK_Config
 .text.HAL_DMA_Abort
                0x0000000008002cfe       0xe0 ./Drivers/STM32F4xx_HAL_Driver/Src/stm32f4xx_hal_dma.o
                0x0000000008002cfe                HAL_DMA_Abort
 .text.HAL_DMA_Abort_IT
                0x0000000008002dde       0x44 ./Drivers/STM32F4xx_HAL_Driver/Src/stm32f4xx_hal_dma.o
                0x0000000008002dde                HAL_DMA_Abort_IT
 *fill*         0x0000000008002e22        0x2 
 .text.HAL_GPIO_Init
                0x0000000008002e24      0x338 ./Drivers/STM32F4xx_HAL_Driver/Src/stm32f4xx_hal_gpio.o
                0x0000000008002e24                HAL_GPIO_Init
 .text.HAL_GPIO_WritePin
                0x000000000800315c       0x32 ./Drivers/STM32F4xx_HAL_Driver/Src/stm32f4xx_hal_gpio.o
                0x000000000800315c                HAL_GPIO_WritePin
 *fill*         0x000000000800318e        0x2 
 .text.HAL_I2C_Init
                0x0000000008003190      0x288 ./Drivers/STM32F4xx_HAL_Driver/Src/stm32f4xx_hal_i2c.o
                0x0000000008003190                HAL_I2C_Init
 .text.HAL_I2C_Mem_Write
                0x0000000008003418      0x1f4 ./Drivers/STM32F4xx_HAL_Driver/Src/stm32f4xx_hal_i2c.o
                0x0000000008003418                HAL_I2C_Mem_Write
 .text.HAL_I2C_Mem_Read
                0x000000000800360c      0x44c ./Drivers/STM32F4xx_HAL_Driver/Src/stm32f4xx_hal_i2c.o
                0x000000000800360c                HAL_I2C_Mem_Read
 .text.HAL_I2C_IsDeviceReady
                0x0000000008003a58      0x25c ./Drivers/STM32F4xx_HAL_Driver/Src/stm32f4xx_hal_i2c.o
                0x0000000008003a58                HAL_I2C_IsDeviceReady
 .text.I2C_RequestMemoryWrite
                0x0000000008003cb4      0x12c ./Drivers/STM32F4xx_HAL_Driver/Src/stm32f4xx_hal_i2c.o
 .text.I2C_RequestMemoryRead
                0x0000000008003de0      0x1d0 ./Drivers/STM32F4xx_HAL_Driver/Src/stm32f4xx_hal_i2c.o
 .text.I2C_WaitOnFlagUntilTimeout
                0x0000000008003fb0       0xae ./Drivers/STM32F4xx_HAL_Driver/Src/stm32f4xx_hal_i2c.o
 .text.I2C_WaitOnMasterAddressFlagUntilTimeout
                0x000000000800405e       0xfe ./Drivers/STM32F4xx_HAL_Driver/Src/stm32f4xx_hal_i2c.o
 .text.I2C_WaitOnTXEFlagUntilTimeout
                0x000000000800415c       0x82 ./Drivers/STM32F4xx_HAL_Driver/Src/stm32f4xx_hal_i2c.o
 .text.I2C_WaitOnBTFFlagUntilTimeout
                0x00000000080041de       0x82 ./Drivers/STM32F4xx_HAL_Driver/Src/stm32f4xx_hal_i2c.o
 .text.I2C_WaitOnRXNEFlagUntilTimeout
                0x0000000008004260       0xac ./Drivers/STM32F4xx_HAL_Driver/Src/stm32f4xx_hal_i2c.o
 .text.I2C_IsAcknowledgeFailed
                0x000000000800430c       0x5e ./Drivers/STM32F4xx_HAL_Driver/Src/stm32f4xx_hal_i2c.o
 *fill*         0x000000000800436a        0x2 
 .text.HAL_RCC_OscConfig
                0x000000000800436c      0x4f0 ./Drivers/STM32F4xx_HAL_Driver/Src/stm32f4xx_hal_rcc.o
                0x000000000800436c                HAL_RCC_OscConfig
 .text.HAL_RCC_ClockConfig
                0x000000000800485c      0x1cc ./Drivers/STM32F4xx_HAL_Driver/Src/stm32f4xx_hal_rcc.o
                0x000000000800485c                HAL_RCC_ClockConfig
 .text.HAL_RCC_GetSysClockFreq
                0x0000000008004a28      0x1c4 ./Drivers/STM32F4xx_HAL_Driver/Src/stm32f4xx_hal_rcc.o
                0x0000000008004a28                HAL_RCC_GetSysClockFreq
 .text.HAL_RCC_GetHCLKFreq
                0x0000000008004bec       0x18 ./Drivers/STM32F4xx_HAL_Driver/Src/stm32f4xx_hal_rcc.o
                0x0000000008004bec                HAL_RCC_GetHCLKFreq
 .text.HAL_RCC_GetPCLK1Freq
                0x0000000008004c04       0x28 ./Drivers/STM32F4xx_HAL_Driver/Src/stm32f4xx_hal_rcc.o
                0x0000000008004c04                HAL_RCC_GetPCLK1Freq
 .text.HAL_RCC_GetPCLK2Freq
                0x0000000008004c2c       0x28 ./Drivers/STM32F4xx_HAL_Driver/Src/stm32f4xx_hal_rcc.o
                0x0000000008004c2c                HAL_RCC_GetPCLK2Freq
 .text.HAL_SPI_Init
                0x0000000008004c54      0x112 ./Drivers/STM32F4xx_HAL_Driver/Src/stm32f4xx_hal_spi.o
                0x0000000008004c54                HAL_SPI_Init
 .text.HAL_SPI_Receive
                0x0000000008004d66      0x222 ./Drivers/STM32F4xx_HAL_Driver/Src/stm32f4xx_hal_spi.o
                0x0000000008004d66                HAL_SPI_Receive
 .text.HAL_SPI_TransmitReceive
                0x0000000008004f88      0x344 ./Drivers/STM32F4xx_HAL_Driver/Src/stm32f4xx_hal_spi.o
                0x0000000008004f88                HAL_SPI_TransmitReceive
 .text.SPI_WaitFlagStateUntilTimeout
                0x00000000080052cc      0x110 ./Drivers/STM32F4xx_HAL_Driver/Src/stm32f4xx_hal_spi.o
 .text.SPI_EndRxTransaction
                0x00000000080053dc       0xca ./Drivers/STM32F4xx_HAL_Driver/Src/stm32f4xx_hal_spi.o
 *fill*         0x00000000080054a6        0x2 
 .text.SPI_EndRxTxTransaction
                0x00000000080054a8       0x84 ./Drivers/STM32F4xx_HAL_Driver/Src/stm32f4xx_hal_spi.o
 .text.HAL_SRAM_Init
                0x000000000800552c       0x88 ./Drivers/STM32F4xx_HAL_Driver/Src/stm32f4xx_hal_sram.o
                0x000000000800552c                HAL_SRAM_Init
 .text.HAL_TIM_Base_Init
                0x00000000080055b4       0x9e ./Drivers/STM32F4xx_HAL_Driver/Src/stm32f4xx_hal_tim.o
                0x00000000080055b4                HAL_TIM_Base_Init
 *fill*         0x0000000008005652        0x2 
 .text.HAL_TIM_Base_Start_IT
                0x0000000008005654       0xe0 ./Drivers/STM32F4xx_HAL_Driver/Src/stm32f4xx_hal_tim.o
                0x0000000008005654                HAL_TIM_Base_Start_IT
 .text.HAL_TIM_IRQHandler
                0x0000000008005734      0x210 ./Drivers/STM32F4xx_HAL_Driver/Src/stm32f4xx_hal_tim.o
                0x0000000008005734                HAL_TIM_IRQHandler
 .text.HAL_TIM_ConfigClockSource
                0x0000000008005944      0x18e ./Drivers/STM32F4xx_HAL_Driver/Src/stm32f4xx_hal_tim.o
                0x0000000008005944                HAL_TIM_ConfigClockSource
 .text.HAL_TIM_OC_DelayElapsedCallback
                0x0000000008005ad2       0x14 ./Drivers/STM32F4xx_HAL_Driver/Src/stm32f4xx_hal_tim.o
                0x0000000008005ad2                HAL_TIM_OC_DelayElapsedCallback
 .text.HAL_TIM_IC_CaptureCallback
                0x0000000008005ae6       0x14 ./Drivers/STM32F4xx_HAL_Driver/Src/stm32f4xx_hal_tim.o
                0x0000000008005ae6                HAL_TIM_IC_CaptureCallback
 .text.HAL_TIM_PWM_PulseFinishedCallback
                0x0000000008005afa       0x14 ./Drivers/STM32F4xx_HAL_Driver/Src/stm32f4xx_hal_tim.o
                0x0000000008005afa                HAL_TIM_PWM_PulseFinishedCallback
 .text.HAL_TIM_TriggerCallback
                0x0000000008005b0e       0x14 ./Drivers/STM32F4xx_HAL_Driver/Src/stm32f4xx_hal_tim.o
                0x0000000008005b0e                HAL_TIM_TriggerCallback
 *fill*         0x0000000008005b22        0x2 
 .text.TIM_Base_SetConfig
                0x0000000008005b24      0x140 ./Drivers/STM32F4xx_HAL_Driver/Src/stm32f4xx_hal_tim.o
                0x0000000008005b24                TIM_Base_SetConfig
 .text.TIM_TI1_ConfigInputStage
                0x0000000008005c64       0x5e ./Drivers/STM32F4xx_HAL_Driver/Src/stm32f4xx_hal_tim.o
 .text.TIM_TI2_ConfigInputStage
                0x0000000008005cc2       0x60 ./Drivers/STM32F4xx_HAL_Driver/Src/stm32f4xx_hal_tim.o
 .text.TIM_ITRx_SetConfig
                0x0000000008005d22       0x36 ./Drivers/STM32F4xx_HAL_Driver/Src/stm32f4xx_hal_tim.o
 .text.TIM_ETR_SetConfig
                0x0000000008005d58       0x40 ./Drivers/STM32F4xx_HAL_Driver/Src/stm32f4xx_hal_tim.o
                0x0000000008005d58                TIM_ETR_SetConfig
 .text.HAL_TIMEx_MasterConfigSynchronization
                0x0000000008005d98       0xf8 ./Drivers/STM32F4xx_HAL_Driver/Src/stm32f4xx_hal_tim_ex.o
                0x0000000008005d98                HAL_TIMEx_MasterConfigSynchronization
 .text.HAL_TIMEx_CommutCallback
                0x0000000008005e90       0x14 ./Drivers/STM32F4xx_HAL_Driver/Src/stm32f4xx_hal_tim_ex.o
                0x0000000008005e90                HAL_TIMEx_CommutCallback
 .text.HAL_TIMEx_BreakCallback
                0x0000000008005ea4       0x14 ./Drivers/STM32F4xx_HAL_Driver/Src/stm32f4xx_hal_tim_ex.o
                0x0000000008005ea4                HAL_TIMEx_BreakCallback
 .text.HAL_UART_Init
                0x0000000008005eb8       0x9a ./Drivers/STM32F4xx_HAL_Driver/Src/stm32f4xx_hal_uart.o
                0x0000000008005eb8                HAL_UART_Init
 .text.HAL_UART_Transmit
                0x0000000008005f52      0x124 ./Drivers/STM32F4xx_HAL_Driver/Src/stm32f4xx_hal_uart.o
                0x0000000008005f52                HAL_UART_Transmit
 .text.HAL_UART_Receive_IT
                0x0000000008006076       0x60 ./Drivers/STM32F4xx_HAL_Driver/Src/stm32f4xx_hal_uart.o
                0x0000000008006076                HAL_UART_Receive_IT
 *fill*         0x00000000080060d6        0x2 
 .text.HAL_UART_IRQHandler
                0x00000000080060d8      0x51c ./Drivers/STM32F4xx_HAL_Driver/Src/stm32f4xx_hal_uart.o
                0x00000000080060d8                HAL_UART_IRQHandler
 .text.HAL_UART_TxCpltCallback
                0x00000000080065f4       0x14 ./Drivers/STM32F4xx_HAL_Driver/Src/stm32f4xx_hal_uart.o
                0x00000000080065f4                HAL_UART_TxCpltCallback
 .text.HAL_UART_ErrorCallback
                0x0000000008006608       0x14 ./Drivers/STM32F4xx_HAL_Driver/Src/stm32f4xx_hal_uart.o
                0x0000000008006608                HAL_UART_ErrorCallback
 .text.HAL_UARTEx_RxEventCallback
                0x000000000800661c       0x18 ./Drivers/STM32F4xx_HAL_Driver/Src/stm32f4xx_hal_uart.o
                0x000000000800661c                HAL_UARTEx_RxEventCallback
 .text.UART_WaitOnFlagUntilTimeout
                0x0000000008006634       0xdc ./Drivers/STM32F4xx_HAL_Driver/Src/stm32f4xx_hal_uart.o
 .text.UART_Start_Receive_IT
                0x0000000008006710       0x74 ./Drivers/STM32F4xx_HAL_Driver/Src/stm32f4xx_hal_uart.o
                0x0000000008006710                UART_Start_Receive_IT
 .text.UART_EndRxTransfer
                0x0000000008006784       0xc6 ./Drivers/STM32F4xx_HAL_Driver/Src/stm32f4xx_hal_uart.o
 .text.UART_DMAAbortOnError
                0x000000000800684a       0x28 ./Drivers/STM32F4xx_HAL_Driver/Src/stm32f4xx_hal_uart.o
 .text.UART_Transmit_IT
                0x0000000008006872       0xa0 ./Drivers/STM32F4xx_HAL_Driver/Src/stm32f4xx_hal_uart.o
 .text.UART_EndTransmit_IT
                0x0000000008006912       0x30 ./Drivers/STM32F4xx_HAL_Driver/Src/stm32f4xx_hal_uart.o
 .text.UART_Receive_IT
                0x0000000008006942      0x176 ./Drivers/STM32F4xx_HAL_Driver/Src/stm32f4xx_hal_uart.o
 .text.UART_SetConfig
                0x0000000008006ab8      0x390 ./Drivers/STM32F4xx_HAL_Driver/Src/stm32f4xx_hal_uart.o
 .text.FSMC_NORSRAM_Init
                0x0000000008006e48       0xa4 ./Drivers/STM32F4xx_HAL_Driver/Src/stm32f4xx_ll_fsmc.o
                0x0000000008006e48                FSMC_NORSRAM_Init
 .text.FSMC_NORSRAM_Timing_Init
                0x0000000008006eec       0x7a ./Drivers/STM32F4xx_HAL_Driver/Src/stm32f4xx_ll_fsmc.o
                0x0000000008006eec                FSMC_NORSRAM_Timing_Init
 *fill*         0x0000000008006f66        0x2 
 .text.FSMC_NORSRAM_Extended_Timing_Init
                0x0000000008006f68       0x80 ./Drivers/STM32F4xx_HAL_Driver/Src/stm32f4xx_ll_fsmc.o
                0x0000000008006f68                FSMC_NORSRAM_Extended_Timing_Init
 .text.__libc_init_array
                0x0000000008006fe8       0x48 c:/st/stm32cubeide_1.7.0/stm32cubeide/plugins/com.st.stm32cube.ide.mcu.externaltools.gnu-tools-for-stm32.9-2020-q2-update.win32_2.0.0.202105311346/tools/bin/../lib/gcc/arm-none-eabi/9.3.1/../../../../arm-none-eabi/lib/thumb/v7e-m+fp/hard\libc_nano.a(lib_a-init.o)
                0x0000000008006fe8                __libc_init_array
 .text.memset   0x0000000008007030       0x10 c:/st/stm32cubeide_1.7.0/stm32cubeide/plugins/com.st.stm32cube.ide.mcu.externaltools.gnu-tools-for-stm32.9-2020-q2-update.win32_2.0.0.202105311346/tools/bin/../lib/gcc/arm-none-eabi/9.3.1/../../../../arm-none-eabi/lib/thumb/v7e-m+fp/hard\libc_nano.a(lib_a-memset.o)
                0x0000000008007030                memset
 *(.glue_7)
 .glue_7        0x0000000008007040        0x0 linker stubs
 *(.glue_7t)
 .glue_7t       0x0000000008007040        0x0 linker stubs
 *(.eh_frame)
 .eh_frame      0x0000000008007040        0x0 c:/st/stm32cubeide_1.7.0/stm32cubeide/plugins/com.st.stm32cube.ide.mcu.externaltools.gnu-tools-for-stm32.9-2020-q2-update.win32_2.0.0.202105311346/tools/bin/../lib/gcc/arm-none-eabi/9.3.1/thumb/v7e-m+fp/hard/crtbegin.o
 *(.init)
 .init          0x0000000008007040        0x4 c:/st/stm32cubeide_1.7.0/stm32cubeide/plugins/com.st.stm32cube.ide.mcu.externaltools.gnu-tools-for-stm32.9-2020-q2-update.win32_2.0.0.202105311346/tools/bin/../lib/gcc/arm-none-eabi/9.3.1/thumb/v7e-m+fp/hard/crti.o
                0x0000000008007040                _init
 .init          0x0000000008007044        0x8 c:/st/stm32cubeide_1.7.0/stm32cubeide/plugins/com.st.stm32cube.ide.mcu.externaltools.gnu-tools-for-stm32.9-2020-q2-update.win32_2.0.0.202105311346/tools/bin/../lib/gcc/arm-none-eabi/9.3.1/thumb/v7e-m+fp/hard/crtn.o
 *(.fini)
 .fini          0x000000000800704c        0x4 c:/st/stm32cubeide_1.7.0/stm32cubeide/plugins/com.st.stm32cube.ide.mcu.externaltools.gnu-tools-for-stm32.9-2020-q2-update.win32_2.0.0.202105311346/tools/bin/../lib/gcc/arm-none-eabi/9.3.1/thumb/v7e-m+fp/hard/crti.o
                0x000000000800704c                _fini
 .fini          0x0000000008007050        0x8 c:/st/stm32cubeide_1.7.0/stm32cubeide/plugins/com.st.stm32cube.ide.mcu.externaltools.gnu-tools-for-stm32.9-2020-q2-update.win32_2.0.0.202105311346/tools/bin/../lib/gcc/arm-none-eabi/9.3.1/thumb/v7e-m+fp/hard/crtn.o
                0x0000000008007058                . = ALIGN (0x4)
                0x0000000008007058                _etext = .

.vfp11_veneer   0x0000000008007058        0x0
 .vfp11_veneer  0x0000000008007058        0x0 linker stubs

.v4_bx          0x0000000008007058        0x0
 .v4_bx         0x0000000008007058        0x0 linker stubs

.iplt           0x0000000008007058        0x0
 .iplt          0x0000000008007058        0x0 c:/st/stm32cubeide_1.7.0/stm32cubeide/plugins/com.st.stm32cube.ide.mcu.externaltools.gnu-tools-for-stm32.9-2020-q2-update.win32_2.0.0.202105311346/tools/bin/../lib/gcc/arm-none-eabi/9.3.1/thumb/v7e-m+fp/hard/crtbegin.o

.rodata         0x0000000008007058     0x2f98
                0x0000000008007058                . = ALIGN (0x4)
 *(.rodata)
 *(.rodata*)
 .rodata.ascii_1608
                0x0000000008007058      0x5f0 ./Core/Src/lcd.o
                0x0000000008007058                ascii_1608
 .rodata.ascii_2412
                0x0000000008007648     0x11d0 ./Core/Src/lcd.o
                0x0000000008007648                ascii_2412
 .rodata.ascii_3216
                0x0000000008008818     0x17c0 ./Core/Src/lcd.o
                0x0000000008008818                ascii_3216
 .rodata.AHBPrescTable
                0x0000000008009fd8       0x10 ./Core/Src/system_stm32f4xx.o
                0x0000000008009fd8                AHBPrescTable
 .rodata.APBPrescTable
                0x0000000008009fe8        0x8 ./Core/Src/system_stm32f4xx.o
                0x0000000008009fe8                APBPrescTable
                0x0000000008009ff0                . = ALIGN (0x4)

.ARM.extab      0x0000000008009ff0        0x0
                0x0000000008009ff0                . = ALIGN (0x4)
 *(.ARM.extab* .gnu.linkonce.armextab.*)
                0x0000000008009ff0                . = ALIGN (0x4)

.ARM            0x0000000008009ff0        0x8
                0x0000000008009ff0                . = ALIGN (0x4)
                0x0000000008009ff0                __exidx_start = .
 *(.ARM.exidx*)
 .ARM.exidx     0x0000000008009ff0        0x8 c:/st/stm32cubeide_1.7.0/stm32cubeide/plugins/com.st.stm32cube.ide.mcu.externaltools.gnu-tools-for-stm32.9-2020-q2-update.win32_2.0.0.202105311346/tools/bin/../lib/gcc/arm-none-eabi/9.3.1/thumb/v7e-m+fp/hard\libgcc.a(_udivmoddi4.o)
                0x0000000008009ff8                __exidx_end = .
                0x0000000008009ff8                . = ALIGN (0x4)

.rel.dyn        0x0000000008009ff8        0x0
 .rel.iplt      0x0000000008009ff8        0x0 c:/st/stm32cubeide_1.7.0/stm32cubeide/plugins/com.st.stm32cube.ide.mcu.externaltools.gnu-tools-for-stm32.9-2020-q2-update.win32_2.0.0.202105311346/tools/bin/../lib/gcc/arm-none-eabi/9.3.1/thumb/v7e-m+fp/hard/crtbegin.o

.preinit_array  0x0000000008009ff8        0x0
                0x0000000008009ff8                . = ALIGN (0x4)
                0x0000000008009ff8                PROVIDE (__preinit_array_start = .)
 *(.preinit_array*)
                0x0000000008009ff8                PROVIDE (__preinit_array_end = .)
                0x0000000008009ff8                . = ALIGN (0x4)

.init_array     0x0000000008009ff8        0x4
                0x0000000008009ff8                . = ALIGN (0x4)
                0x0000000008009ff8                PROVIDE (__init_array_start = .)
 *(SORT_BY_NAME(.init_array.*))
 *(.init_array*)
 .init_array    0x0000000008009ff8        0x4 c:/st/stm32cubeide_1.7.0/stm32cubeide/plugins/com.st.stm32cube.ide.mcu.externaltools.gnu-tools-for-stm32.9-2020-q2-update.win32_2.0.0.202105311346/tools/bin/../lib/gcc/arm-none-eabi/9.3.1/thumb/v7e-m+fp/hard/crtbegin.o
                0x0000000008009ffc                PROVIDE (__init_array_end = .)
                0x0000000008009ffc                . = ALIGN (0x4)

.fini_array     0x0000000008009ffc        0x4
                0x0000000008009ffc                . = ALIGN (0x4)
                [!provide]                        PROVIDE (__fini_array_start = .)
 *(SORT_BY_NAME(.fini_array.*))
 *(.fini_array*)
 .fini_array    0x0000000008009ffc        0x4 c:/st/stm32cubeide_1.7.0/stm32cubeide/plugins/com.st.stm32cube.ide.mcu.externaltools.gnu-tools-for-stm32.9-2020-q2-update.win32_2.0.0.202105311346/tools/bin/../lib/gcc/arm-none-eabi/9.3.1/thumb/v7e-m+fp/hard/crtbegin.o
                [!provide]                        PROVIDE (__fini_array_end = .)
                0x000000000800a000                . = ALIGN (0x4)
                0x000000000800a000                _sidata = LOADADDR (.data)

.data           0x0000000020000000       0x28 load address 0x000000000800a000
                0x0000000020000000                . = ALIGN (0x4)
                0x0000000020000000                _sdata = .
 *(.data)
 *(.data*)
 .data.alarmclkstate
                0x0000000020000000        0x1 ./Core/Src/alarm_fsm.o
                0x0000000020000000                alarmclkstate
 .data.alarmledstate
                0x0000000020000001        0x1 ./Core/Src/alarm_fsm.o
                0x0000000020000001                alarmledstate
 *fill*         0x0000000020000002        0x2 
 .data.clockvals
                0x0000000020000004        0x7 ./Core/Src/global.o
                0x0000000020000004                clockvals
 *fill*         0x000000002000000b        0x1 
 .data.alarmvals
                0x000000002000000c        0x7 ./Core/Src/global.o
                0x000000002000000c                alarmvals
 .data.manclkstate
                0x0000000020000013        0x1 ./Core/Src/rtc_adj.o
                0x0000000020000013                manclkstate
 .data.ledstate
                0x0000000020000014        0x1 ./Core/Src/rtc_adj.o
                0x0000000020000014                ledstate
 *fill*         0x0000000020000015        0x3 
 .data.counter  0x0000000020000018        0x4 ./Core/Src/software_timer.o
                0x0000000020000018                counter
 .data.SystemCoreClock
                0x000000002000001c        0x4 ./Core/Src/system_stm32f4xx.o
                0x000000002000001c                SystemCoreClock
 .data.uwTickPrio
                0x0000000020000020        0x4 ./Drivers/STM32F4xx_HAL_Driver/Src/stm32f4xx_hal.o
                0x0000000020000020                uwTickPrio
 .data.uwTickFreq
                0x0000000020000024        0x1 ./Drivers/STM32F4xx_HAL_Driver/Src/stm32f4xx_hal.o
                0x0000000020000024                uwTickFreq
 *(.RamFunc)
 *(.RamFunc*)
                0x0000000020000028                . = ALIGN (0x4)
 *fill*         0x0000000020000025        0x3 
                0x0000000020000028                _edata = .
                0x000000000800a028                _siccmram = LOADADDR (.ccmram)

.igot.plt       0x0000000020000028        0x0 load address 0x000000000800a028
 .igot.plt      0x0000000020000028        0x0 c:/st/stm32cubeide_1.7.0/stm32cubeide/plugins/com.st.stm32cube.ide.mcu.externaltools.gnu-tools-for-stm32.9-2020-q2-update.win32_2.0.0.202105311346/tools/bin/../lib/gcc/arm-none-eabi/9.3.1/thumb/v7e-m+fp/hard/crtbegin.o

.ccmram         0x0000000010000000        0x0 load address 0x000000000800a028
                0x0000000010000000                . = ALIGN (0x4)
                0x0000000010000000                _sccmram = .
 *(.ccmram)
 *(.ccmram*)
                0x0000000010000000                . = ALIGN (0x4)
                0x0000000010000000                _eccmram = .
                0x0000000010000000                . = ALIGN (0x4)

.bss            0x0000000020000028      0x25c
                0x0000000020000028                _sbss = .
                0x0000000020000028                __bss_start__ = _sbss
 *(.bss)
 .bss           0x0000000020000028       0x1c c:/st/stm32cubeide_1.7.0/stm32cubeide/plugins/com.st.stm32cube.ide.mcu.externaltools.gnu-tools-for-stm32.9-2020-q2-update.win32_2.0.0.202105311346/tools/bin/../lib/gcc/arm-none-eabi/9.3.1/thumb/v7e-m+fp/hard/crtbegin.o
 *(.bss*)
 .bss.spi_button
                0x0000000020000044        0x2 ./Core/Src/button.o
                0x0000000020000044                spi_button
 *fill*         0x0000000020000046        0x2 
 .bss.FSMC_Initialized
                0x0000000020000048        0x4 ./Core/Src/fsmc.o
 .bss.mode      0x000000002000004c        0x1 ./Core/Src/global.o
                0x000000002000004c                mode
 .bss.flag_inc_press
                0x000000002000004d        0x1 ./Core/Src/global.o
                0x000000002000004d                flag_inc_press
 .bss.autoclkstate
                0x000000002000004e        0x1 ./Core/Src/rtc_auto.o
                0x000000002000004e                autoclkstate
 .bss.receive_buffer1
                0x000000002000004f        0x1 ./Core/Src/uart.o
                0x000000002000004f                receive_buffer1
 *(COMMON)
 COMMON         0x0000000020000050       0x20 ./Core/Src/button.o
                0x0000000020000050                button_count
 COMMON         0x0000000020000070        0xf ./Core/Src/ds3231.o
                0x0000000020000070                ds3231_sec
                0x0000000020000071                ds3231_year
                0x0000000020000072                ds3231_min
                0x0000000020000073                ds3231_date
                0x0000000020000074                ds3231_day
                0x0000000020000075                ds3231_hours
                0x0000000020000076                ds3231_month
                0x0000000020000078                ds3231_buffer
 *fill*         0x000000002000007f        0x1 
 COMMON         0x0000000020000080       0x50 ./Core/Src/fsmc.o
                0x0000000020000080                hsram1
 COMMON         0x00000000200000d0       0x54 ./Core/Src/i2c.o
                0x00000000200000d0                hi2c1
 COMMON         0x0000000020000124       0x3a ./Core/Src/lcd.o
                0x0000000020000124                lcddev
                0x000000002000012c                s
 *fill*         0x000000002000015e        0x2 
 COMMON         0x0000000020000160       0x3c ./Core/Src/software_timer.o
                0x0000000020000160                flag_timer2
                0x0000000020000174                timer2_counter
                0x0000000020000188                timer2_MUL
 COMMON         0x000000002000019c       0x58 ./Core/Src/spi.o
                0x000000002000019c                hspi1
 COMMON         0x00000000200001f4       0x48 ./Core/Src/tim.o
                0x00000000200001f4                htim2
 COMMON         0x000000002000023c       0x44 ./Core/Src/usart.o
                0x000000002000023c                huart1
 COMMON         0x0000000020000280        0x4 ./Drivers/STM32F4xx_HAL_Driver/Src/stm32f4xx_hal.o
                0x0000000020000280                uwTick
                0x0000000020000284                . = ALIGN (0x4)
                0x0000000020000284                _ebss = .
                0x0000000020000284                __bss_end__ = _ebss

._user_heap_stack
                0x0000000020000284      0x604
                0x0000000020000288                . = ALIGN (0x8)
 *fill*         0x0000000020000284        0x4 
                [!provide]                        PROVIDE (end = .)
                0x0000000020000288                PROVIDE (_end = .)
                0x0000000020000488                . = (. + _Min_Heap_Size)
 *fill*         0x0000000020000288      0x200 
                0x0000000020000888                . = (. + _Min_Stack_Size)
 *fill*         0x0000000020000488      0x400 
                0x0000000020000888                . = ALIGN (0x8)

/DISCARD/
 libc.a(*)
 libm.a(*)
 libgcc.a(*)

.ARM.attributes
                0x0000000000000000       0x30
 *(.ARM.attributes)
 .ARM.attributes
                0x0000000000000000       0x1e c:/st/stm32cubeide_1.7.0/stm32cubeide/plugins/com.st.stm32cube.ide.mcu.externaltools.gnu-tools-for-stm32.9-2020-q2-update.win32_2.0.0.202105311346/tools/bin/../lib/gcc/arm-none-eabi/9.3.1/thumb/v7e-m+fp/hard/crti.o
 .ARM.attributes
                0x000000000000001e       0x34 c:/st/stm32cubeide_1.7.0/stm32cubeide/plugins/com.st.stm32cube.ide.mcu.externaltools.gnu-tools-for-stm32.9-2020-q2-update.win32_2.0.0.202105311346/tools/bin/../lib/gcc/arm-none-eabi/9.3.1/thumb/v7e-m+fp/hard/crtbegin.o
 .ARM.attributes
                0x0000000000000052       0x34 ./Core/Src/alarm_fsm.o
 .ARM.attributes
                0x0000000000000086       0x34 ./Core/Src/button.o
 .ARM.attributes
                0x00000000000000ba       0x34 ./Core/Src/ds3231.o
 .ARM.attributes
                0x00000000000000ee       0x34 ./Core/Src/fsmc.o
 .ARM.attributes
                0x0000000000000122       0x34 ./Core/Src/global.o
 .ARM.attributes
                0x0000000000000156       0x34 ./Core/Src/gpio.o
 .ARM.attributes
                0x000000000000018a       0x34 ./Core/Src/i2c.o
 .ARM.attributes
                0x00000000000001be       0x34 ./Core/Src/lcd.o
 .ARM.attributes
                0x00000000000001f2       0x34 ./Core/Src/led_7seg.o
 .ARM.attributes
                0x0000000000000226       0x34 ./Core/Src/main.o
 .ARM.attributes
                0x000000000000025a       0x34 ./Core/Src/rtc_adj.o
 .ARM.attributes
                0x000000000000028e       0x34 ./Core/Src/rtc_auto.o
 .ARM.attributes
                0x00000000000002c2       0x34 ./Core/Src/software_timer.o
 .ARM.attributes
                0x00000000000002f6       0x34 ./Core/Src/spi.o
 .ARM.attributes
                0x000000000000032a       0x34 ./Core/Src/stm32f4xx_hal_msp.o
 .ARM.attributes
                0x000000000000035e       0x34 ./Core/Src/stm32f4xx_it.o
 .ARM.attributes
                0x0000000000000392       0x34 ./Core/Src/system_stm32f4xx.o
 .ARM.attributes
                0x00000000000003c6       0x34 ./Core/Src/tim.o
 .ARM.attributes
                0x00000000000003fa       0x34 ./Core/Src/uart.o
 .ARM.attributes
                0x000000000000042e       0x34 ./Core/Src/usart.o
 .ARM.attributes
                0x0000000000000462       0x34 ./Core/Src/utils.o
 .ARM.attributes
                0x0000000000000496       0x21 ./Core/Startup/startup_stm32f407zgtx.o
 .ARM.attributes
                0x00000000000004b7       0x34 ./Drivers/STM32F4xx_HAL_Driver/Src/stm32f4xx_hal.o
 .ARM.attributes
                0x00000000000004eb       0x34 ./Drivers/STM32F4xx_HAL_Driver/Src/stm32f4xx_hal_cortex.o
 .ARM.attributes
                0x000000000000051f       0x34 ./Drivers/STM32F4xx_HAL_Driver/Src/stm32f4xx_hal_dma.o
 .ARM.attributes
                0x0000000000000553       0x34 ./Drivers/STM32F4xx_HAL_Driver/Src/stm32f4xx_hal_gpio.o
 .ARM.attributes
                0x0000000000000587       0x34 ./Drivers/STM32F4xx_HAL_Driver/Src/stm32f4xx_hal_i2c.o
 .ARM.attributes
                0x00000000000005bb       0x34 ./Drivers/STM32F4xx_HAL_Driver/Src/stm32f4xx_hal_rcc.o
 .ARM.attributes
                0x00000000000005ef       0x34 ./Drivers/STM32F4xx_HAL_Driver/Src/stm32f4xx_hal_spi.o
 .ARM.attributes
                0x0000000000000623       0x34 ./Drivers/STM32F4xx_HAL_Driver/Src/stm32f4xx_hal_sram.o
 .ARM.attributes
                0x0000000000000657       0x34 ./Drivers/STM32F4xx_HAL_Driver/Src/stm32f4xx_hal_tim.o
 .ARM.attributes
                0x000000000000068b       0x34 ./Drivers/STM32F4xx_HAL_Driver/Src/stm32f4xx_hal_tim_ex.o
 .ARM.attributes
                0x00000000000006bf       0x34 ./Drivers/STM32F4xx_HAL_Driver/Src/stm32f4xx_hal_uart.o
 .ARM.attributes
                0x00000000000006f3       0x34 ./Drivers/STM32F4xx_HAL_Driver/Src/stm32f4xx_ll_fsmc.o
 .ARM.attributes
                0x0000000000000727       0x34 c:/st/stm32cubeide_1.7.0/stm32cubeide/plugins/com.st.stm32cube.ide.mcu.externaltools.gnu-tools-for-stm32.9-2020-q2-update.win32_2.0.0.202105311346/tools/bin/../lib/gcc/arm-none-eabi/9.3.1/../../../../arm-none-eabi/lib/thumb/v7e-m+fp/hard\libc_nano.a(lib_a-init.o)
 .ARM.attributes
                0x000000000000075b       0x34 c:/st/stm32cubeide_1.7.0/stm32cubeide/plugins/com.st.stm32cube.ide.mcu.externaltools.gnu-tools-for-stm32.9-2020-q2-update.win32_2.0.0.202105311346/tools/bin/../lib/gcc/arm-none-eabi/9.3.1/../../../../arm-none-eabi/lib/thumb/v7e-m+fp/hard\libc_nano.a(lib_a-memset.o)
 .ARM.attributes
                0x000000000000078f       0x1e c:/st/stm32cubeide_1.7.0/stm32cubeide/plugins/com.st.stm32cube.ide.mcu.externaltools.gnu-tools-for-stm32.9-2020-q2-update.win32_2.0.0.202105311346/tools/bin/../lib/gcc/arm-none-eabi/9.3.1/thumb/v7e-m+fp/hard\libgcc.a(_aeabi_uldivmod.o)
 .ARM.attributes
                0x00000000000007ad       0x34 c:/st/stm32cubeide_1.7.0/stm32cubeide/plugins/com.st.stm32cube.ide.mcu.externaltools.gnu-tools-for-stm32.9-2020-q2-update.win32_2.0.0.202105311346/tools/bin/../lib/gcc/arm-none-eabi/9.3.1/thumb/v7e-m+fp/hard\libgcc.a(_udivmoddi4.o)
 .ARM.attributes
                0x00000000000007e1       0x1e c:/st/stm32cubeide_1.7.0/stm32cubeide/plugins/com.st.stm32cube.ide.mcu.externaltools.gnu-tools-for-stm32.9-2020-q2-update.win32_2.0.0.202105311346/tools/bin/../lib/gcc/arm-none-eabi/9.3.1/thumb/v7e-m+fp/hard\libgcc.a(_dvmd_tls.o)
 .ARM.attributes
                0x00000000000007ff       0x1e c:/st/stm32cubeide_1.7.0/stm32cubeide/plugins/com.st.stm32cube.ide.mcu.externaltools.gnu-tools-for-stm32.9-2020-q2-update.win32_2.0.0.202105311346/tools/bin/../lib/gcc/arm-none-eabi/9.3.1/thumb/v7e-m+fp/hard/crtn.o
OUTPUT(Lab4.elf elf32-littlearm)
LOAD linker stubs
LOAD c:/st/stm32cubeide_1.7.0/stm32cubeide/plugins/com.st.stm32cube.ide.mcu.externaltools.gnu-tools-for-stm32.9-2020-q2-update.win32_2.0.0.202105311346/tools/bin/../lib/gcc/arm-none-eabi/9.3.1/../../../../arm-none-eabi/lib/thumb/v7e-m+fp/hard\libc.a
LOAD c:/st/stm32cubeide_1.7.0/stm32cubeide/plugins/com.st.stm32cube.ide.mcu.externaltools.gnu-tools-for-stm32.9-2020-q2-update.win32_2.0.0.202105311346/tools/bin/../lib/gcc/arm-none-eabi/9.3.1/../../../../arm-none-eabi/lib/thumb/v7e-m+fp/hard\libm.a
LOAD c:/st/stm32cubeide_1.7.0/stm32cubeide/plugins/com.st.stm32cube.ide.mcu.externaltools.gnu-tools-for-stm32.9-2020-q2-update.win32_2.0.0.202105311346/tools/bin/../lib/gcc/arm-none-eabi/9.3.1/thumb/v7e-m+fp/hard\libgcc.a

.debug_info     0x0000000000000000    0x2199c
 .debug_info    0x0000000000000000     0x1870 ./Core/Src/alarm_fsm.o
 .debug_info    0x0000000000001870      0x800 ./Core/Src/button.o
 .debug_info    0x0000000000002070      0x839 ./Core/Src/ds3231.o
 .debug_info    0x00000000000028a9      0xa96 ./Core/Src/fsmc.o
 .debug_info    0x000000000000333f     0x16d3 ./Core/Src/global.o
 .debug_info    0x0000000000004a12      0x569 ./Core/Src/gpio.o
 .debug_info    0x0000000000004f7b      0xa7d ./Core/Src/i2c.o
 .debug_info    0x00000000000059f8     0x17e8 ./Core/Src/lcd.o
 .debug_info    0x00000000000071e0      0x89c ./Core/Src/led_7seg.o
 .debug_info    0x0000000000007a7c     0x20b6 ./Core/Src/main.o
 .debug_info    0x0000000000009b32     0x1870 ./Core/Src/rtc_adj.o
 .debug_info    0x000000000000b3a2     0x17b4 ./Core/Src/rtc_auto.o
 .debug_info    0x000000000000cb56      0x937 ./Core/Src/software_timer.o
 .debug_info    0x000000000000d48d      0xa5a ./Core/Src/spi.o
 .debug_info    0x000000000000dee7      0x394 ./Core/Src/stm32f4xx_hal_msp.o
 .debug_info    0x000000000000e27b      0xa6f ./Core/Src/stm32f4xx_it.o
 .debug_info    0x000000000000ecea      0x5a4 ./Core/Src/system_stm32f4xx.o
 .debug_info    0x000000000000f28e      0xc88 ./Core/Src/tim.o
 .debug_info    0x000000000000ff16     0x1062 ./Core/Src/uart.o
 .debug_info    0x0000000000010f78      0xc29 ./Core/Src/usart.o
 .debug_info    0x0000000000011ba1       0xd8 ./Core/Src/utils.o
 .debug_info    0x0000000000011c79       0x22 ./Core/Startup/startup_stm32f407zgtx.o
 .debug_info    0x0000000000011c9b      0x9b2 ./Drivers/STM32F4xx_HAL_Driver/Src/stm32f4xx_hal.o
 .debug_info    0x000000000001264d      0xed7 ./Drivers/STM32F4xx_HAL_Driver/Src/stm32f4xx_hal_cortex.o
 .debug_info    0x0000000000013524      0x9f1 ./Drivers/STM32F4xx_HAL_Driver/Src/stm32f4xx_hal_dma.o
 .debug_info    0x0000000000013f15      0x83e ./Drivers/STM32F4xx_HAL_Driver/Src/stm32f4xx_hal_gpio.o
 .debug_info    0x0000000000014753     0x264d ./Drivers/STM32F4xx_HAL_Driver/Src/stm32f4xx_hal_i2c.o
 .debug_info    0x0000000000016da0      0x996 ./Drivers/STM32F4xx_HAL_Driver/Src/stm32f4xx_hal_rcc.o
 .debug_info    0x0000000000017736     0x17c0 ./Drivers/STM32F4xx_HAL_Driver/Src/stm32f4xx_hal_spi.o
 .debug_info    0x0000000000018ef6      0xbab ./Drivers/STM32F4xx_HAL_Driver/Src/stm32f4xx_hal_sram.o
 .debug_info    0x0000000000019aa1     0x2c22 ./Drivers/STM32F4xx_HAL_Driver/Src/stm32f4xx_hal_tim.o
 .debug_info    0x000000000001c6c3     0x15a2 ./Drivers/STM32F4xx_HAL_Driver/Src/stm32f4xx_hal_tim_ex.o
 .debug_info    0x000000000001dc65     0x31de ./Drivers/STM32F4xx_HAL_Driver/Src/stm32f4xx_hal_uart.o
 .debug_info    0x0000000000020e43      0xb59 ./Drivers/STM32F4xx_HAL_Driver/Src/stm32f4xx_ll_fsmc.o

.debug_abbrev   0x0000000000000000     0x44a9
 .debug_abbrev  0x0000000000000000      0x2a4 ./Core/Src/alarm_fsm.o
 .debug_abbrev  0x00000000000002a4      0x1bf ./Core/Src/button.o
 .debug_abbrev  0x0000000000000463      0x1a7 ./Core/Src/ds3231.o
 .debug_abbrev  0x000000000000060a      0x1e2 ./Core/Src/fsmc.o
 .debug_abbrev  0x00000000000007ec      0x1ef ./Core/Src/global.o
 .debug_abbrev  0x00000000000009db      0x14e ./Core/Src/gpio.o
 .debug_abbrev  0x0000000000000b29      0x1bb ./Core/Src/i2c.o
 .debug_abbrev  0x0000000000000ce4      0x390 ./Core/Src/lcd.o
 .debug_abbrev  0x0000000000001074      0x1a9 ./Core/Src/led_7seg.o
 .debug_abbrev  0x000000000000121d      0x2eb ./Core/Src/main.o
 .debug_abbrev  0x0000000000001508      0x2a4 ./Core/Src/rtc_adj.o
 .debug_abbrev  0x00000000000017ac      0x295 ./Core/Src/rtc_auto.o
 .debug_abbrev  0x0000000000001a41      0x214 ./Core/Src/software_timer.o
 .debug_abbrev  0x0000000000001c55      0x1bb ./Core/Src/spi.o
 .debug_abbrev  0x0000000000001e10      0x11d ./Core/Src/stm32f4xx_hal_msp.o
 .debug_abbrev  0x0000000000001f2d      0x176 ./Core/Src/stm32f4xx_it.o
 .debug_abbrev  0x00000000000020a3      0x145 ./Core/Src/system_stm32f4xx.o
 .debug_abbrev  0x00000000000021e8      0x1bb ./Core/Src/tim.o
 .debug_abbrev  0x00000000000023a3      0x280 ./Core/Src/uart.o
 .debug_abbrev  0x0000000000002623      0x1c4 ./Core/Src/usart.o
 .debug_abbrev  0x00000000000027e7       0x87 ./Core/Src/utils.o
 .debug_abbrev  0x000000000000286e       0x12 ./Core/Startup/startup_stm32f407zgtx.o
 .debug_abbrev  0x0000000000002880      0x1ed ./Drivers/STM32F4xx_HAL_Driver/Src/stm32f4xx_hal.o
 .debug_abbrev  0x0000000000002a6d      0x33c ./Drivers/STM32F4xx_HAL_Driver/Src/stm32f4xx_hal_cortex.o
 .debug_abbrev  0x0000000000002da9      0x259 ./Drivers/STM32F4xx_HAL_Driver/Src/stm32f4xx_hal_dma.o
 .debug_abbrev  0x0000000000003002      0x1f1 ./Drivers/STM32F4xx_HAL_Driver/Src/stm32f4xx_hal_gpio.o
 .debug_abbrev  0x00000000000031f3      0x282 ./Drivers/STM32F4xx_HAL_Driver/Src/stm32f4xx_hal_i2c.o
 .debug_abbrev  0x0000000000003475      0x275 ./Drivers/STM32F4xx_HAL_Driver/Src/stm32f4xx_hal_rcc.o
 .debug_abbrev  0x00000000000036ea      0x26e ./Drivers/STM32F4xx_HAL_Driver/Src/stm32f4xx_hal_spi.o
 .debug_abbrev  0x0000000000003958      0x1f4 ./Drivers/STM32F4xx_HAL_Driver/Src/stm32f4xx_hal_sram.o
 .debug_abbrev  0x0000000000003b4c      0x25e ./Drivers/STM32F4xx_HAL_Driver/Src/stm32f4xx_hal_tim.o
 .debug_abbrev  0x0000000000003daa      0x266 ./Drivers/STM32F4xx_HAL_Driver/Src/stm32f4xx_hal_tim_ex.o
 .debug_abbrev  0x0000000000004010      0x2eb ./Drivers/STM32F4xx_HAL_Driver/Src/stm32f4xx_hal_uart.o
 .debug_abbrev  0x00000000000042fb      0x1ae ./Drivers/STM32F4xx_HAL_Driver/Src/stm32f4xx_ll_fsmc.o

.debug_aranges  0x0000000000000000     0x15e0
 .debug_aranges
                0x0000000000000000       0x38 ./Core/Src/alarm_fsm.o
 .debug_aranges
                0x0000000000000038       0x28 ./Core/Src/button.o
 .debug_aranges
                0x0000000000000060       0x30 ./Core/Src/ds3231.o
 .debug_aranges
                0x0000000000000090       0x40 ./Core/Src/fsmc.o
 .debug_aranges
                0x00000000000000d0       0x30 ./Core/Src/global.o
 .debug_aranges
                0x0000000000000100       0x20 ./Core/Src/gpio.o
 .debug_aranges
                0x0000000000000120       0x30 ./Core/Src/i2c.o
 .debug_aranges
                0x0000000000000150       0xe8 ./Core/Src/lcd.o
 .debug_aranges
                0x0000000000000238       0x48 ./Core/Src/led_7seg.o
 .debug_aranges
                0x0000000000000280       0x50 ./Core/Src/main.o
 .debug_aranges
                0x00000000000002d0       0x38 ./Core/Src/rtc_adj.o
 .debug_aranges
                0x0000000000000308       0x30 ./Core/Src/rtc_auto.o
 .debug_aranges
                0x0000000000000338       0x60 ./Core/Src/software_timer.o
 .debug_aranges
                0x0000000000000398       0x30 ./Core/Src/spi.o
 .debug_aranges
                0x00000000000003c8       0x20 ./Core/Src/stm32f4xx_hal_msp.o
 .debug_aranges
                0x00000000000003e8       0x70 ./Core/Src/stm32f4xx_it.o
 .debug_aranges
                0x0000000000000458       0x28 ./Core/Src/system_stm32f4xx.o
 .debug_aranges
                0x0000000000000480       0x30 ./Core/Src/tim.o
 .debug_aranges
                0x00000000000004b0       0x48 ./Core/Src/uart.o
 .debug_aranges
                0x00000000000004f8       0x30 ./Core/Src/usart.o
 .debug_aranges
                0x0000000000000528       0x28 ./Core/Src/utils.o
 .debug_aranges
                0x0000000000000550       0x28 ./Core/Startup/startup_stm32f407zgtx.o
 .debug_aranges
                0x0000000000000578       0xf0 ./Drivers/STM32F4xx_HAL_Driver/Src/stm32f4xx_hal.o
 .debug_aranges
                0x0000000000000668      0x118 ./Drivers/STM32F4xx_HAL_Driver/Src/stm32f4xx_hal_cortex.o
 .debug_aranges
                0x0000000000000780       0x90 ./Drivers/STM32F4xx_HAL_Driver/Src/stm32f4xx_hal_dma.o
 .debug_aranges
                0x0000000000000810       0x58 ./Drivers/STM32F4xx_HAL_Driver/Src/stm32f4xx_hal_gpio.o
 .debug_aranges
                0x0000000000000868      0x2a0 ./Drivers/STM32F4xx_HAL_Driver/Src/stm32f4xx_hal_i2c.o
 .debug_aranges
                0x0000000000000b08       0x88 ./Drivers/STM32F4xx_HAL_Driver/Src/stm32f4xx_hal_rcc.o
 .debug_aranges
                0x0000000000000b90      0x1d0 ./Drivers/STM32F4xx_HAL_Driver/Src/stm32f4xx_hal_spi.o
 .debug_aranges
                0x0000000000000d60       0xa0 ./Drivers/STM32F4xx_HAL_Driver/Src/stm32f4xx_hal_sram.o
 .debug_aranges
                0x0000000000000e00      0x3d0 ./Drivers/STM32F4xx_HAL_Driver/Src/stm32f4xx_hal_tim.o
 .debug_aranges
                0x00000000000011d0      0x168 ./Drivers/STM32F4xx_HAL_Driver/Src/stm32f4xx_hal_tim_ex.o
 .debug_aranges
                0x0000000000001338      0x200 ./Drivers/STM32F4xx_HAL_Driver/Src/stm32f4xx_hal_uart.o
 .debug_aranges
                0x0000000000001538       0xa8 ./Drivers/STM32F4xx_HAL_Driver/Src/stm32f4xx_ll_fsmc.o

.debug_ranges   0x0000000000000000     0x1420
 .debug_ranges  0x0000000000000000       0x28 ./Core/Src/alarm_fsm.o
 .debug_ranges  0x0000000000000028       0x18 ./Core/Src/button.o
 .debug_ranges  0x0000000000000040       0x20 ./Core/Src/ds3231.o
 .debug_ranges  0x0000000000000060       0x30 ./Core/Src/fsmc.o
 .debug_ranges  0x0000000000000090       0x20 ./Core/Src/global.o
 .debug_ranges  0x00000000000000b0       0x10 ./Core/Src/gpio.o
 .debug_ranges  0x00000000000000c0       0x20 ./Core/Src/i2c.o
 .debug_ranges  0x00000000000000e0       0xd8 ./Core/Src/lcd.o
 .debug_ranges  0x00000000000001b8       0x38 ./Core/Src/led_7seg.o
 .debug_ranges  0x00000000000001f0       0x40 ./Core/Src/main.o
 .debug_ranges  0x0000000000000230       0x28 ./Core/Src/rtc_adj.o
 .debug_ranges  0x0000000000000258       0x20 ./Core/Src/rtc_auto.o
 .debug_ranges  0x0000000000000278       0x50 ./Core/Src/software_timer.o
 .debug_ranges  0x00000000000002c8       0x20 ./Core/Src/spi.o
 .debug_ranges  0x00000000000002e8       0x10 ./Core/Src/stm32f4xx_hal_msp.o
 .debug_ranges  0x00000000000002f8       0x60 ./Core/Src/stm32f4xx_it.o
 .debug_ranges  0x0000000000000358       0x18 ./Core/Src/system_stm32f4xx.o
 .debug_ranges  0x0000000000000370       0x20 ./Core/Src/tim.o
 .debug_ranges  0x0000000000000390       0x38 ./Core/Src/uart.o
 .debug_ranges  0x00000000000003c8       0x20 ./Core/Src/usart.o
 .debug_ranges  0x00000000000003e8       0x18 ./Core/Src/utils.o
 .debug_ranges  0x0000000000000400       0x20 ./Core/Startup/startup_stm32f407zgtx.o
 .debug_ranges  0x0000000000000420       0xe0 ./Drivers/STM32F4xx_HAL_Driver/Src/stm32f4xx_hal.o
 .debug_ranges  0x0000000000000500      0x108 ./Drivers/STM32F4xx_HAL_Driver/Src/stm32f4xx_hal_cortex.o
 .debug_ranges  0x0000000000000608       0x80 ./Drivers/STM32F4xx_HAL_Driver/Src/stm32f4xx_hal_dma.o
 .debug_ranges  0x0000000000000688       0x48 ./Drivers/STM32F4xx_HAL_Driver/Src/stm32f4xx_hal_gpio.o
 .debug_ranges  0x00000000000006d0      0x2b8 ./Drivers/STM32F4xx_HAL_Driver/Src/stm32f4xx_hal_i2c.o
 .debug_ranges  0x0000000000000988       0x78 ./Drivers/STM32F4xx_HAL_Driver/Src/stm32f4xx_hal_rcc.o
 .debug_ranges  0x0000000000000a00      0x1c0 ./Drivers/STM32F4xx_HAL_Driver/Src/stm32f4xx_hal_spi.o
 .debug_ranges  0x0000000000000bc0       0x90 ./Drivers/STM32F4xx_HAL_Driver/Src/stm32f4xx_hal_sram.o
 .debug_ranges  0x0000000000000c50      0x3c0 ./Drivers/STM32F4xx_HAL_Driver/Src/stm32f4xx_hal_tim.o
 .debug_ranges  0x0000000000001010      0x158 ./Drivers/STM32F4xx_HAL_Driver/Src/stm32f4xx_hal_tim_ex.o
 .debug_ranges  0x0000000000001168      0x220 ./Drivers/STM32F4xx_HAL_Driver/Src/stm32f4xx_hal_uart.o
 .debug_ranges  0x0000000000001388       0x98 ./Drivers/STM32F4xx_HAL_Driver/Src/stm32f4xx_ll_fsmc.o

.debug_macro    0x0000000000000000    0x251b8
 .debug_macro   0x0000000000000000      0x3a1 ./Core/Src/alarm_fsm.o
 .debug_macro   0x00000000000003a1      0xaa8 ./Core/Src/alarm_fsm.o
 .debug_macro   0x0000000000000e49      0x2ad ./Core/Src/alarm_fsm.o
 .debug_macro   0x00000000000010f6       0x2e ./Core/Src/alarm_fsm.o
 .debug_macro   0x0000000000001124       0x2f ./Core/Src/alarm_fsm.o
 .debug_macro   0x0000000000001153       0x22 ./Core/Src/alarm_fsm.o
 .debug_macro   0x0000000000001175       0x8e ./Core/Src/alarm_fsm.o
 .debug_macro   0x0000000000001203       0x51 ./Core/Src/alarm_fsm.o
 .debug_macro   0x0000000000001254      0x103 ./Core/Src/alarm_fsm.o
 .debug_macro   0x0000000000001357       0x6a ./Core/Src/alarm_fsm.o
 .debug_macro   0x00000000000013c1      0x1df ./Core/Src/alarm_fsm.o
 .debug_macro   0x00000000000015a0       0x1c ./Core/Src/alarm_fsm.o
 .debug_macro   0x00000000000015bc       0x22 ./Core/Src/alarm_fsm.o
 .debug_macro   0x00000000000015de       0xdf ./Core/Src/alarm_fsm.o
 .debug_macro   0x00000000000016bd     0x102d ./Core/Src/alarm_fsm.o
 .debug_macro   0x00000000000026ea      0x11f ./Core/Src/alarm_fsm.o
 .debug_macro   0x0000000000002809    0x15e58 ./Core/Src/alarm_fsm.o
 .debug_macro   0x0000000000018661       0x6d ./Core/Src/alarm_fsm.o
 .debug_macro   0x00000000000186ce     0x3666 ./Core/Src/alarm_fsm.o
 .debug_macro   0x000000000001bd34      0x174 ./Core/Src/alarm_fsm.o
 .debug_macro   0x000000000001bea8       0x5c ./Core/Src/alarm_fsm.o
 .debug_macro   0x000000000001bf04      0x96b ./Core/Src/alarm_fsm.o
 .debug_macro   0x000000000001c86f      0x9fe ./Core/Src/alarm_fsm.o
 .debug_macro   0x000000000001d26d      0x116 ./Core/Src/alarm_fsm.o
 .debug_macro   0x000000000001d383      0x13e ./Core/Src/alarm_fsm.o
 .debug_macro   0x000000000001d4c1       0xa5 ./Core/Src/alarm_fsm.o
 .debug_macro   0x000000000001d566      0x174 ./Core/Src/alarm_fsm.o
 .debug_macro   0x000000000001d6da      0x287 ./Core/Src/alarm_fsm.o
 .debug_macro   0x000000000001d961       0x5f ./Core/Src/alarm_fsm.o
 .debug_macro   0x000000000001d9c0      0x236 ./Core/Src/alarm_fsm.o
 .debug_macro   0x000000000001dbf6      0x12c ./Core/Src/alarm_fsm.o
 .debug_macro   0x000000000001dd22      0x21e ./Core/Src/alarm_fsm.o
 .debug_macro   0x000000000001df40       0x2e ./Core/Src/alarm_fsm.o
 .debug_macro   0x000000000001df6e      0x543 ./Core/Src/alarm_fsm.o
 .debug_macro   0x000000000001e4b1      0x1b5 ./Core/Src/alarm_fsm.o
 .debug_macro   0x000000000001e666       0xd6 ./Core/Src/alarm_fsm.o
 .debug_macro   0x000000000001e73c      0x11a ./Core/Src/alarm_fsm.o
 .debug_macro   0x000000000001e856       0x7e ./Core/Src/alarm_fsm.o
 .debug_macro   0x000000000001e8d4       0x89 ./Core/Src/alarm_fsm.o
 .debug_macro   0x000000000001e95d      0x225 ./Core/Src/alarm_fsm.o
 .debug_macro   0x000000000001eb82      0x8d1 ./Core/Src/alarm_fsm.o
 .debug_macro   0x000000000001f453       0x47 ./Core/Src/alarm_fsm.o
 .debug_macro   0x000000000001f49a      0x295 ./Core/Src/alarm_fsm.o
 .debug_macro   0x000000000001f72f      0x12d ./Core/Src/alarm_fsm.o
 .debug_macro   0x000000000001f85c       0x88 ./Core/Src/alarm_fsm.o
 .debug_macro   0x000000000001f8e4       0x2e ./Core/Src/alarm_fsm.o
 .debug_macro   0x000000000001f912       0x18 ./Core/Src/alarm_fsm.o
 .debug_macro   0x000000000001f92a       0x52 ./Core/Src/alarm_fsm.o
 .debug_macro   0x000000000001f97c       0x3c ./Core/Src/alarm_fsm.o
 .debug_macro   0x000000000001f9b8       0x34 ./Core/Src/alarm_fsm.o
 .debug_macro   0x000000000001f9ec       0x16 ./Core/Src/alarm_fsm.o
 .debug_macro   0x000000000001fa02       0x35 ./Core/Src/alarm_fsm.o
 .debug_macro   0x000000000001fa37       0x16 ./Core/Src/alarm_fsm.o
 .debug_macro   0x000000000001fa4d       0x43 ./Core/Src/alarm_fsm.o
 .debug_macro   0x000000000001fa90       0x34 ./Core/Src/alarm_fsm.o
 .debug_macro   0x000000000001fac4       0x10 ./Core/Src/alarm_fsm.o
 .debug_macro   0x000000000001fad4       0x58 ./Core/Src/alarm_fsm.o
 .debug_macro   0x000000000001fb2c       0x71 ./Core/Src/alarm_fsm.o
 .debug_macro   0x000000000001fb9d       0x1c ./Core/Src/alarm_fsm.o
 .debug_macro   0x000000000001fbb9      0x12a ./Core/Src/alarm_fsm.o
 .debug_macro   0x000000000001fce3      0x333 ./Core/Src/alarm_fsm.o
 .debug_macro   0x0000000000020016       0x16 ./Core/Src/alarm_fsm.o
 .debug_macro   0x000000000002002c       0x29 ./Core/Src/alarm_fsm.o
 .debug_macro   0x0000000000020055       0x16 ./Core/Src/alarm_fsm.o
 .debug_macro   0x000000000002006b       0x20 ./Core/Src/alarm_fsm.o
 .debug_macro   0x000000000002008b       0xca ./Core/Src/alarm_fsm.o
 .debug_macro   0x0000000000020155       0x3a ./Core/Src/alarm_fsm.o
 .debug_macro   0x000000000002018f      0x240 ./Core/Src/button.o
 .debug_macro   0x00000000000203cf      0x245 ./Core/Src/ds3231.o
 .debug_macro   0x0000000000020614      0x226 ./Core/Src/fsmc.o
 .debug_macro   0x000000000002083a      0x38b ./Core/Src/global.o
 .debug_macro   0x0000000000020bc5      0x226 ./Core/Src/gpio.o
 .debug_macro   0x0000000000020deb      0x226 ./Core/Src/i2c.o
 .debug_macro   0x0000000000021011      0x33b ./Core/Src/lcd.o
 .debug_macro   0x000000000002134c      0x230 ./Core/Src/led_7seg.o
 .debug_macro   0x000000000002157c      0x4c4 ./Core/Src/main.o
 .debug_macro   0x0000000000021a40       0x1c ./Core/Src/main.o
 .debug_macro   0x0000000000021a5c       0x10 ./Core/Src/main.o
 .debug_macro   0x0000000000021a6c       0x10 ./Core/Src/main.o
 .debug_macro   0x0000000000021a7c       0x1c ./Core/Src/main.o
 .debug_macro   0x0000000000021a98       0x52 ./Core/Src/main.o
 .debug_macro   0x0000000000021aea       0x22 ./Core/Src/main.o
 .debug_macro   0x0000000000021b0c       0x10 ./Core/Src/main.o
 .debug_macro   0x0000000000021b1c       0x40 ./Core/Src/main.o
 .debug_macro   0x0000000000021b5c       0xd5 ./Core/Src/main.o
 .debug_macro   0x0000000000021c31       0x1c ./Core/Src/main.o
 .debug_macro   0x0000000000021c4d       0x3d ./Core/Src/main.o
 .debug_macro   0x0000000000021c8a       0x16 ./Core/Src/main.o
 .debug_macro   0x0000000000021ca0      0x145 ./Core/Src/main.o
 .debug_macro   0x0000000000021de5      0x3a1 ./Core/Src/rtc_adj.o
 .debug_macro   0x0000000000022186      0x395 ./Core/Src/rtc_auto.o
 .debug_macro   0x000000000002251b      0x23c ./Core/Src/software_timer.o
 .debug_macro   0x0000000000022757      0x226 ./Core/Src/spi.o
 .debug_macro   0x000000000002297d      0x21c ./Core/Src/stm32f4xx_hal_msp.o
 .debug_macro   0x0000000000022b99      0x226 ./Core/Src/stm32f4xx_it.o
 .debug_macro   0x0000000000022dbf      0x20d ./Core/Src/system_stm32f4xx.o
 .debug_macro   0x0000000000022fcc      0x226 ./Core/Src/tim.o
 .debug_macro   0x00000000000231f2      0x399 ./Core/Src/uart.o
 .debug_macro   0x000000000002358b       0x16 ./Core/Src/uart.o
 .debug_macro   0x00000000000235a1      0x226 ./Core/Src/usart.o
 .debug_macro   0x00000000000237c7       0x6d ./Core/Src/utils.o
 .debug_macro   0x0000000000023834      0x26d ./Drivers/STM32F4xx_HAL_Driver/Src/stm32f4xx_hal.o
 .debug_macro   0x0000000000023aa1      0x20d ./Drivers/STM32F4xx_HAL_Driver/Src/stm32f4xx_hal_cortex.o
 .debug_macro   0x0000000000023cae      0x213 ./Drivers/STM32F4xx_HAL_Driver/Src/stm32f4xx_hal_dma.o
 .debug_macro   0x0000000000023ec1      0x213 ./Drivers/STM32F4xx_HAL_Driver/Src/stm32f4xx_hal_gpio.o
 .debug_macro   0x00000000000240d4      0x254 ./Drivers/STM32F4xx_HAL_Driver/Src/stm32f4xx_hal_i2c.o
 .debug_macro   0x0000000000024328      0x231 ./Drivers/STM32F4xx_HAL_Driver/Src/stm32f4xx_hal_rcc.o
 .debug_macro   0x0000000000024559      0x21c ./Drivers/STM32F4xx_HAL_Driver/Src/stm32f4xx_hal_spi.o
 .debug_macro   0x0000000000024775      0x20d ./Drivers/STM32F4xx_HAL_Driver/Src/stm32f4xx_hal_sram.o
 .debug_macro   0x0000000000024982      0x20e ./Drivers/STM32F4xx_HAL_Driver/Src/stm32f4xx_hal_tim.o
 .debug_macro   0x0000000000024b90      0x20d ./Drivers/STM32F4xx_HAL_Driver/Src/stm32f4xx_hal_tim_ex.o
 .debug_macro   0x0000000000024d9d      0x20e ./Drivers/STM32F4xx_HAL_Driver/Src/stm32f4xx_hal_uart.o
 .debug_macro   0x0000000000024fab      0x20d ./Drivers/STM32F4xx_HAL_Driver/Src/stm32f4xx_ll_fsmc.o

.debug_line     0x0000000000000000    0x1e32e
 .debug_line    0x0000000000000000      0xaf9 ./Core/Src/alarm_fsm.o
 .debug_line    0x0000000000000af9      0x7c5 ./Core/Src/button.o
 .debug_line    0x00000000000012be      0x7e1 ./Core/Src/ds3231.o
 .debug_line    0x0000000000001a9f      0x83e ./Core/Src/fsmc.o
 .debug_line    0x00000000000022dd      0x966 ./Core/Src/global.o
 .debug_line    0x0000000000002c43      0x79c ./Core/Src/gpio.o
 .debug_line    0x00000000000033df      0x7a7 ./Core/Src/i2c.o
 .debug_line    0x0000000000003b86     0x105b ./Core/Src/lcd.o
 .debug_line    0x0000000000004be1      0x836 ./Core/Src/led_7seg.o
 .debug_line    0x0000000000005417      0xb72 ./Core/Src/main.o
 .debug_line    0x0000000000005f89      0xaef ./Core/Src/rtc_adj.o
 .debug_line    0x0000000000006a78      0x9f1 ./Core/Src/rtc_auto.o
 .debug_line    0x0000000000007469      0x88f ./Core/Src/software_timer.o
 .debug_line    0x0000000000007cf8      0x7af ./Core/Src/spi.o
 .debug_line    0x00000000000084a7      0x73e ./Core/Src/stm32f4xx_hal_msp.o
 .debug_line    0x0000000000008be5      0x830 ./Core/Src/stm32f4xx_it.o
 .debug_line    0x0000000000009415      0x7bf ./Core/Src/system_stm32f4xx.o
 .debug_line    0x0000000000009bd4      0x7ab ./Core/Src/tim.o
 .debug_line    0x000000000000a37f      0x9f6 ./Core/Src/uart.o
 .debug_line    0x000000000000ad75      0x7aa ./Core/Src/usart.o
 .debug_line    0x000000000000b51f      0x3c2 ./Core/Src/utils.o
 .debug_line    0x000000000000b8e1       0x88 ./Core/Startup/startup_stm32f407zgtx.o
 .debug_line    0x000000000000b969      0xa25 ./Drivers/STM32F4xx_HAL_Driver/Src/stm32f4xx_hal.o
 .debug_line    0x000000000000c38e      0xcd4 ./Drivers/STM32F4xx_HAL_Driver/Src/stm32f4xx_hal_cortex.o
 .debug_line    0x000000000000d062      0xf8a ./Drivers/STM32F4xx_HAL_Driver/Src/stm32f4xx_hal_dma.o
 .debug_line    0x000000000000dfec      0xb9b ./Drivers/STM32F4xx_HAL_Driver/Src/stm32f4xx_hal_gpio.o
 .debug_line    0x000000000000eb87     0x39d1 ./Drivers/STM32F4xx_HAL_Driver/Src/stm32f4xx_hal_i2c.o
 .debug_line    0x0000000000012558      0xda1 ./Drivers/STM32F4xx_HAL_Driver/Src/stm32f4xx_hal_rcc.o
 .debug_line    0x00000000000132f9     0x1cad ./Drivers/STM32F4xx_HAL_Driver/Src/stm32f4xx_hal_spi.o
 .debug_line    0x0000000000014fa6      0xbc7 ./Drivers/STM32F4xx_HAL_Driver/Src/stm32f4xx_hal_sram.o
 .debug_line    0x0000000000015b6d     0x3719 ./Drivers/STM32F4xx_HAL_Driver/Src/stm32f4xx_hal_tim.o
 .debug_line    0x0000000000019286     0x1a22 ./Drivers/STM32F4xx_HAL_Driver/Src/stm32f4xx_hal_tim_ex.o
 .debug_line    0x000000000001aca8     0x2aac ./Drivers/STM32F4xx_HAL_Driver/Src/stm32f4xx_hal_uart.o
 .debug_line    0x000000000001d754      0xbda ./Drivers/STM32F4xx_HAL_Driver/Src/stm32f4xx_ll_fsmc.o

.debug_str      0x0000000000000000    0xd3377
 .debug_str     0x0000000000000000    0xcd1f9 ./Core/Src/alarm_fsm.o
                                      0xcd62f (size before relaxing)
 .debug_str     0x00000000000cd1f9       0x8d ./Core/Src/button.o
                                      0xc9913 (size before relaxing)
 .debug_str     0x00000000000cd286       0x8e ./Core/Src/ds3231.o
                                      0xc9a77 (size before relaxing)
 .debug_str     0x00000000000cd314      0x3b0 ./Core/Src/fsmc.o
                                      0xc9aed (size before relaxing)
 .debug_str     0x00000000000cd6c4       0x38 ./Core/Src/global.o
                                      0xcd55b (size before relaxing)
 .debug_str     0x00000000000cd6fc       0x3c ./Core/Src/gpio.o
                                      0xc95cb (size before relaxing)
 .debug_str     0x00000000000cd738       0x4b ./Core/Src/i2c.o
                                      0xc9acb (size before relaxing)
 .debug_str     0x00000000000cd783      0x28a ./Core/Src/lcd.o
                                      0xccc3b (size before relaxing)
 .debug_str     0x00000000000cda0d       0x98 ./Core/Src/led_7seg.o
                                      0xc992c (size before relaxing)
 .debug_str     0x00000000000cdaa5     0x12ea ./Core/Src/main.o
                                      0xceb83 (size before relaxing)
 .debug_str     0x00000000000ced8f       0x7d ./Core/Src/rtc_adj.o
                                      0xcd624 (size before relaxing)
 .debug_str     0x00000000000cee0c       0x5b ./Core/Src/rtc_auto.o
                                      0xcd5b9 (size before relaxing)
 .debug_str     0x00000000000cee67       0x9d ./Core/Src/software_timer.o
                                      0xc9a7f (size before relaxing)
 .debug_str     0x00000000000cef04       0x4b ./Core/Src/spi.o
                                      0xc9a28 (size before relaxing)
 .debug_str     0x00000000000cef4f       0x2c ./Core/Src/stm32f4xx_hal_msp.o
                                      0xc952e (size before relaxing)
 .debug_str     0x00000000000cef7b       0xdf ./Core/Src/stm32f4xx_it.o
                                      0xc9bf5 (size before relaxing)
 .debug_str     0x00000000000cf05a       0xaf ./Core/Src/system_stm32f4xx.o
                                      0xc937e (size before relaxing)
 .debug_str     0x00000000000cf109      0x5c8 ./Core/Src/tim.o
                                      0xca04b (size before relaxing)
 .debug_str     0x00000000000cf6d1       0xb4 ./Core/Src/uart.o
                                      0xcd9e5 (size before relaxing)
 .debug_str     0x00000000000cf785       0x57 ./Core/Src/usart.o
                                      0xc9f1e (size before relaxing)
 .debug_str     0x00000000000cf7dc       0x24 ./Core/Src/utils.o
                                       0x3cf3 (size before relaxing)
 .debug_str     0x00000000000cf800       0x36 ./Core/Startup/startup_stm32f407zgtx.o
                                         0x62 (size before relaxing)
 .debug_str     0x00000000000cf836      0x583 ./Drivers/STM32F4xx_HAL_Driver/Src/stm32f4xx_hal.o
                                      0xc9e60 (size before relaxing)
 .debug_str     0x00000000000cfdb9      0x399 ./Drivers/STM32F4xx_HAL_Driver/Src/stm32f4xx_hal_cortex.o
                                      0xc9c4f (size before relaxing)
 .debug_str     0x00000000000d0152      0x315 ./Drivers/STM32F4xx_HAL_Driver/Src/stm32f4xx_hal_dma.o
                                      0xc97a8 (size before relaxing)
 .debug_str     0x00000000000d0467      0x15a ./Drivers/STM32F4xx_HAL_Driver/Src/stm32f4xx_hal_gpio.o
                                      0xc9525 (size before relaxing)
 .debug_str     0x00000000000d05c1      0xac3 ./Drivers/STM32F4xx_HAL_Driver/Src/stm32f4xx_hal_i2c.o
                                      0xca300 (size before relaxing)
 .debug_str     0x00000000000d1084      0x24e ./Drivers/STM32F4xx_HAL_Driver/Src/stm32f4xx_hal_rcc.o
                                      0xc9780 (size before relaxing)
 .debug_str     0x00000000000d12d2      0x564 ./Drivers/STM32F4xx_HAL_Driver/Src/stm32f4xx_hal_spi.o
                                      0xc9c22 (size before relaxing)
 .debug_str     0x00000000000d1836      0x1b4 ./Drivers/STM32F4xx_HAL_Driver/Src/stm32f4xx_hal_sram.o
                                      0xc9898 (size before relaxing)
 .debug_str     0x00000000000d19ea      0xdbd ./Drivers/STM32F4xx_HAL_Driver/Src/stm32f4xx_hal_tim.o
                                      0xca6ad (size before relaxing)
 .debug_str     0x00000000000d27a7      0x4ee ./Drivers/STM32F4xx_HAL_Driver/Src/stm32f4xx_hal_tim_ex.o
                                      0xc9e5e (size before relaxing)
 .debug_str     0x00000000000d2c95      0x5dd ./Drivers/STM32F4xx_HAL_Driver/Src/stm32f4xx_hal_uart.o
                                      0xc9d06 (size before relaxing)
 .debug_str     0x00000000000d3272      0x105 ./Drivers/STM32F4xx_HAL_Driver/Src/stm32f4xx_ll_fsmc.o
                                      0xc975f (size before relaxing)

.comment        0x0000000000000000       0x53
 .comment       0x0000000000000000       0x53 ./Core/Src/alarm_fsm.o
                                         0x54 (size before relaxing)
 .comment       0x0000000000000053       0x54 ./Core/Src/button.o
 .comment       0x0000000000000053       0x54 ./Core/Src/ds3231.o
 .comment       0x0000000000000053       0x54 ./Core/Src/fsmc.o
 .comment       0x0000000000000053       0x54 ./Core/Src/global.o
 .comment       0x0000000000000053       0x54 ./Core/Src/gpio.o
 .comment       0x0000000000000053       0x54 ./Core/Src/i2c.o
 .comment       0x0000000000000053       0x54 ./Core/Src/lcd.o
 .comment       0x0000000000000053       0x54 ./Core/Src/led_7seg.o
 .comment       0x0000000000000053       0x54 ./Core/Src/main.o
 .comment       0x0000000000000053       0x54 ./Core/Src/rtc_adj.o
 .comment       0x0000000000000053       0x54 ./Core/Src/rtc_auto.o
 .comment       0x0000000000000053       0x54 ./Core/Src/software_timer.o
 .comment       0x0000000000000053       0x54 ./Core/Src/spi.o
 .comment       0x0000000000000053       0x54 ./Core/Src/stm32f4xx_hal_msp.o
 .comment       0x0000000000000053       0x54 ./Core/Src/stm32f4xx_it.o
 .comment       0x0000000000000053       0x54 ./Core/Src/system_stm32f4xx.o
 .comment       0x0000000000000053       0x54 ./Core/Src/tim.o
 .comment       0x0000000000000053       0x54 ./Core/Src/uart.o
 .comment       0x0000000000000053       0x54 ./Core/Src/usart.o
 .comment       0x0000000000000053       0x54 ./Core/Src/utils.o
 .comment       0x0000000000000053       0x54 ./Drivers/STM32F4xx_HAL_Driver/Src/stm32f4xx_hal.o
 .comment       0x0000000000000053       0x54 ./Drivers/STM32F4xx_HAL_Driver/Src/stm32f4xx_hal_cortex.o
 .comment       0x0000000000000053       0x54 ./Drivers/STM32F4xx_HAL_Driver/Src/stm32f4xx_hal_dma.o
 .comment       0x0000000000000053       0x54 ./Drivers/STM32F4xx_HAL_Driver/Src/stm32f4xx_hal_gpio.o
 .comment       0x0000000000000053       0x54 ./Drivers/STM32F4xx_HAL_Driver/Src/stm32f4xx_hal_i2c.o
 .comment       0x0000000000000053       0x54 ./Drivers/STM32F4xx_HAL_Driver/Src/stm32f4xx_hal_rcc.o
 .comment       0x0000000000000053       0x54 ./Drivers/STM32F4xx_HAL_Driver/Src/stm32f4xx_hal_spi.o
 .comment       0x0000000000000053       0x54 ./Drivers/STM32F4xx_HAL_Driver/Src/stm32f4xx_hal_sram.o
 .comment       0x0000000000000053       0x54 ./Drivers/STM32F4xx_HAL_Driver/Src/stm32f4xx_hal_tim.o
 .comment       0x0000000000000053       0x54 ./Drivers/STM32F4xx_HAL_Driver/Src/stm32f4xx_hal_tim_ex.o
 .comment       0x0000000000000053       0x54 ./Drivers/STM32F4xx_HAL_Driver/Src/stm32f4xx_hal_uart.o
 .comment       0x0000000000000053       0x54 ./Drivers/STM32F4xx_HAL_Driver/Src/stm32f4xx_ll_fsmc.o

.debug_frame    0x0000000000000000     0x5934
 .debug_frame   0x0000000000000000       0xa0 ./Core/Src/alarm_fsm.o
 .debug_frame   0x00000000000000a0       0x50 ./Core/Src/button.o
 .debug_frame   0x00000000000000f0       0x74 ./Core/Src/ds3231.o
 .debug_frame   0x0000000000000164       0xbc ./Core/Src/fsmc.o
 .debug_frame   0x0000000000000220       0x6c ./Core/Src/global.o
 .debug_frame   0x000000000000028c       0x34 ./Core/Src/gpio.o
 .debug_frame   0x00000000000002c0       0x74 ./Core/Src/i2c.o
 .debug_frame   0x0000000000000334      0x3e0 ./Core/Src/lcd.o
 .debug_frame   0x0000000000000714       0xe8 ./Core/Src/led_7seg.o
 .debug_frame   0x00000000000007fc       0xe0 ./Core/Src/main.o
 .debug_frame   0x00000000000008dc       0xa0 ./Core/Src/rtc_adj.o
 .debug_frame   0x000000000000097c       0x78 ./Core/Src/rtc_auto.o
 .debug_frame   0x00000000000009f4      0x168 ./Core/Src/software_timer.o
 .debug_frame   0x0000000000000b5c       0x74 ./Core/Src/spi.o
 .debug_frame   0x0000000000000bd0       0x38 ./Core/Src/stm32f4xx_hal_msp.o
 .debug_frame   0x0000000000000c08      0x13c ./Core/Src/stm32f4xx_it.o
 .debug_frame   0x0000000000000d44       0x58 ./Core/Src/system_stm32f4xx.o
 .debug_frame   0x0000000000000d9c       0x7c ./Core/Src/tim.o
 .debug_frame   0x0000000000000e18       0xe0 ./Core/Src/uart.o
 .debug_frame   0x0000000000000ef8       0x74 ./Core/Src/usart.o
 .debug_frame   0x0000000000000f6c       0x60 ./Core/Src/utils.o
 .debug_frame   0x0000000000000fcc      0x374 ./Drivers/STM32F4xx_HAL_Driver/Src/stm32f4xx_hal.o
 .debug_frame   0x0000000000001340      0x498 ./Drivers/STM32F4xx_HAL_Driver/Src/stm32f4xx_hal_cortex.o
 .debug_frame   0x00000000000017d8      0x250 ./Drivers/STM32F4xx_HAL_Driver/Src/stm32f4xx_hal_dma.o
 .debug_frame   0x0000000000001a28      0x14c ./Drivers/STM32F4xx_HAL_Driver/Src/stm32f4xx_hal_gpio.o
 .debug_frame   0x0000000000001b74      0xc5c ./Drivers/STM32F4xx_HAL_Driver/Src/stm32f4xx_hal_i2c.o
 .debug_frame   0x00000000000027d0      0x1f0 ./Drivers/STM32F4xx_HAL_Driver/Src/stm32f4xx_hal_rcc.o
 .debug_frame   0x00000000000029c0      0x824 ./Drivers/STM32F4xx_HAL_Driver/Src/stm32f4xx_hal_spi.o
 .debug_frame   0x00000000000031e4      0x2a0 ./Drivers/STM32F4xx_HAL_Driver/Src/stm32f4xx_hal_sram.o
 .debug_frame   0x0000000000003484     0x11c4 ./Drivers/STM32F4xx_HAL_Driver/Src/stm32f4xx_hal_tim.o
 .debug_frame   0x0000000000004648      0x638 ./Drivers/STM32F4xx_HAL_Driver/Src/stm32f4xx_hal_tim_ex.o
 .debug_frame   0x0000000000004c80      0x92c ./Drivers/STM32F4xx_HAL_Driver/Src/stm32f4xx_hal_uart.o
 .debug_frame   0x00000000000055ac      0x2dc ./Drivers/STM32F4xx_HAL_Driver/Src/stm32f4xx_ll_fsmc.o
 .debug_frame   0x0000000000005888       0x2c c:/st/stm32cubeide_1.7.0/stm32cubeide/plugins/com.st.stm32cube.ide.mcu.externaltools.gnu-tools-for-stm32.9-2020-q2-update.win32_2.0.0.202105311346/tools/bin/../lib/gcc/arm-none-eabi/9.3.1/../../../../arm-none-eabi/lib/thumb/v7e-m+fp/hard\libc_nano.a(lib_a-init.o)
 .debug_frame   0x00000000000058b4       0x20 c:/st/stm32cubeide_1.7.0/stm32cubeide/plugins/com.st.stm32cube.ide.mcu.externaltools.gnu-tools-for-stm32.9-2020-q2-update.win32_2.0.0.202105311346/tools/bin/../lib/gcc/arm-none-eabi/9.3.1/../../../../arm-none-eabi/lib/thumb/v7e-m+fp/hard\libc_nano.a(lib_a-memset.o)
 .debug_frame   0x00000000000058d4       0x2c c:/st/stm32cubeide_1.7.0/stm32cubeide/plugins/com.st.stm32cube.ide.mcu.externaltools.gnu-tools-for-stm32.9-2020-q2-update.win32_2.0.0.202105311346/tools/bin/../lib/gcc/arm-none-eabi/9.3.1/thumb/v7e-m+fp/hard\libgcc.a(_aeabi_uldivmod.o)